Component: ARM Compiler 5.06 update 6 (build 750) Tool: armlink [4d35ed]

==============================================================================

Section Cross References

    startup_stm32f10x_hd.o(RESET) refers to startup_stm32f10x_hd.o(STACK) for __initial_sp
    startup_stm32f10x_hd.o(RESET) refers to startup_stm32f10x_hd.o(.text) for Reset_Handler
    startup_stm32f10x_hd.o(RESET) refers to stm32f10x_it.o(i.NMI_Handler) for NMI_Handler
    startup_stm32f10x_hd.o(RESET) refers to stm32f10x_it.o(i.HardFault_Handler) for HardFault_Handler
    startup_stm32f10x_hd.o(RESET) refers to stm32f10x_it.o(i.MemManage_Handler) for MemManage_Handler
    startup_stm32f10x_hd.o(RESET) refers to stm32f10x_it.o(i.BusFault_Handler) for BusFault_Handler
    startup_stm32f10x_hd.o(RESET) refers to stm32f10x_it.o(i.UsageFault_Handler) for UsageFault_Handler
    startup_stm32f10x_hd.o(RESET) refers to stm32f10x_it.o(i.SVC_Handler) for SVC_Handler
    startup_stm32f10x_hd.o(RESET) refers to stm32f10x_it.o(i.DebugMon_Handler) for DebugMon_Handler
    startup_stm32f10x_hd.o(RESET) refers to stm32f10x_it.o(i.PendSV_Handler) for PendSV_Handler
    startup_stm32f10x_hd.o(RESET) refers to stm32f10x_it.o(i.SysTick_Handler) for SysTick_Handler
    startup_stm32f10x_hd.o(RESET) refers to stm32f10x_it.o(i.SDIO_IRQHandler) for SDIO_IRQHandler
    startup_stm32f10x_hd.o(.text) refers to system_stm32f10x.o(i.SystemInit) for SystemInit
    startup_stm32f10x_hd.o(.text) refers to entry.o(.ARM.Collect$$$$00000000) for __main
    system_stm32f10x.o(i.SetSysClock) refers to system_stm32f10x.o(i.SetSysClockTo72) for SetSysClockTo72
    system_stm32f10x.o(i.SystemCoreClockUpdate) refers to system_stm32f10x.o(.data) for SystemCoreClock
    system_stm32f10x.o(i.SystemInit) refers to system_stm32f10x.o(i.SetSysClock) for SetSysClock
    stm32f10x_adc.o(i.ADC_DeInit) refers to stm32f10x_rcc.o(i.RCC_APB2PeriphResetCmd) for RCC_APB2PeriphResetCmd
    stm32f10x_bkp.o(i.BKP_DeInit) refers to stm32f10x_rcc.o(i.RCC_BackupResetCmd) for RCC_BackupResetCmd
    stm32f10x_can.o(i.CAN_DeInit) refers to stm32f10x_rcc.o(i.RCC_APB1PeriphResetCmd) for RCC_APB1PeriphResetCmd
    stm32f10x_can.o(i.CAN_GetITStatus) refers to stm32f10x_can.o(i.CheckITStatus) for CheckITStatus
    stm32f10x_cec.o(i.CEC_DeInit) refers to stm32f10x_rcc.o(i.RCC_APB1PeriphResetCmd) for RCC_APB1PeriphResetCmd
    stm32f10x_dac.o(i.DAC_DeInit) refers to stm32f10x_rcc.o(i.RCC_APB1PeriphResetCmd) for RCC_APB1PeriphResetCmd
    stm32f10x_flash.o(i.FLASH_EnableWriteProtection) refers to stm32f10x_flash.o(i.FLASH_WaitForLastOperation) for FLASH_WaitForLastOperation
    stm32f10x_flash.o(i.FLASH_EraseAllBank1Pages) refers to stm32f10x_flash.o(i.FLASH_WaitForLastBank1Operation) for FLASH_WaitForLastBank1Operation
    stm32f10x_flash.o(i.FLASH_EraseAllPages) refers to stm32f10x_flash.o(i.FLASH_WaitForLastOperation) for FLASH_WaitForLastOperation
    stm32f10x_flash.o(i.FLASH_EraseOptionBytes) refers to stm32f10x_flash.o(i.FLASH_GetReadOutProtectionStatus) for FLASH_GetReadOutProtectionStatus
    stm32f10x_flash.o(i.FLASH_EraseOptionBytes) refers to stm32f10x_flash.o(i.FLASH_WaitForLastOperation) for FLASH_WaitForLastOperation
    stm32f10x_flash.o(i.FLASH_ErasePage) refers to stm32f10x_flash.o(i.FLASH_WaitForLastOperation) for FLASH_WaitForLastOperation
    stm32f10x_flash.o(i.FLASH_ProgramHalfWord) refers to stm32f10x_flash.o(i.FLASH_WaitForLastOperation) for FLASH_WaitForLastOperation
    stm32f10x_flash.o(i.FLASH_ProgramOptionByteData) refers to stm32f10x_flash.o(i.FLASH_WaitForLastOperation) for FLASH_WaitForLastOperation
    stm32f10x_flash.o(i.FLASH_ProgramWord) refers to stm32f10x_flash.o(i.FLASH_WaitForLastOperation) for FLASH_WaitForLastOperation
    stm32f10x_flash.o(i.FLASH_ReadOutProtection) refers to stm32f10x_flash.o(i.FLASH_WaitForLastOperation) for FLASH_WaitForLastOperation
    stm32f10x_flash.o(i.FLASH_UserOptionByteConfig) refers to stm32f10x_flash.o(i.FLASH_WaitForLastOperation) for FLASH_WaitForLastOperation
    stm32f10x_flash.o(i.FLASH_WaitForLastBank1Operation) refers to stm32f10x_flash.o(i.FLASH_GetBank1Status) for FLASH_GetBank1Status
    stm32f10x_flash.o(i.FLASH_WaitForLastOperation) refers to stm32f10x_flash.o(i.FLASH_GetBank1Status) for FLASH_GetBank1Status
    stm32f10x_gpio.o(i.GPIO_AFIODeInit) refers to stm32f10x_rcc.o(i.RCC_APB2PeriphResetCmd) for RCC_APB2PeriphResetCmd
    stm32f10x_gpio.o(i.GPIO_DeInit) refers to stm32f10x_rcc.o(i.RCC_APB2PeriphResetCmd) for RCC_APB2PeriphResetCmd
    stm32f10x_i2c.o(i.I2C_DeInit) refers to stm32f10x_rcc.o(i.RCC_APB1PeriphResetCmd) for RCC_APB1PeriphResetCmd
    stm32f10x_i2c.o(i.I2C_Init) refers to stm32f10x_rcc.o(i.RCC_GetClocksFreq) for RCC_GetClocksFreq
    stm32f10x_pwr.o(i.PWR_DeInit) refers to stm32f10x_rcc.o(i.RCC_APB1PeriphResetCmd) for RCC_APB1PeriphResetCmd
    stm32f10x_rcc.o(i.RCC_GetClocksFreq) refers to stm32f10x_rcc.o(.data) for APBAHBPrescTable
[...]
    Removing stm32f10x_usart.o(i.USART_IrDAConfig), (18 bytes).
    Removing stm32f10x_usart.o(i.USART_LINBreakDetectLengthConfig), (18 bytes).
    Removing stm32f10x_usart.o(i.USART_LINCmd), (24 bytes).
    Removing stm32f10x_usart.o(i.USART_OneBitMethodCmd), (24 bytes).
    Removing stm32f10x_usart.o(i.USART_OverSampling8Cmd), (22 bytes).
    Removing stm32f10x_usart.o(i.USART_ReceiveData), (10 bytes).
    Removing stm32f10x_usart.o(i.USART_ReceiverWakeUpCmd), (24 bytes).
    Removing stm32f10x_usart.o(i.USART_SendBreak), (10 bytes).
    Removing stm32f10x_usart.o(i.USART_SetAddress), (18 bytes).
    Removing stm32f10x_usart.o(i.USART_SetGuardTime), (16 bytes).
    Removing stm32f10x_usart.o(i.USART_SetPrescaler), (16 bytes).
    Removing stm32f10x_usart.o(i.USART_SmartCardCmd), (24 bytes).
    Removing stm32f10x_usart.o(i.USART_SmartCardNACKCmd), (24 bytes).
    Removing stm32f10x_usart.o(i.USART_StructInit), (24 bytes).
    Removing stm32f10x_usart.o(i.USART_WakeUpConfig), (18 bytes).
    Removing stm32f10x_wwdg.o(i.WWDG_ClearFlag), (12 bytes).
    Removing stm32f10x_wwdg.o(i.WWDG_DeInit), (22 bytes).
    Removing stm32f10x_wwdg.o(i.WWDG_Enable), (16 bytes).
    Removing stm32f10x_wwdg.o(i.WWDG_EnableIT), (12 bytes).
    Removing stm32f10x_wwdg.o(i.WWDG_GetFlagStatus), (12 bytes).
    Removing stm32f10x_wwdg.o(i.WWDG_SetCounter), (16 bytes).
    Removing stm32f10x_wwdg.o(i.WWDG_SetPrescaler), (24 bytes).
    Removing stm32f10x_wwdg.o(i.WWDG_SetWindowValue), (40 bytes).
    Removing main.o(i.join), (76 bytes).
    Removing bsp_ili9341_lcd.o(i.ILI9341_DispChar_EN), (152 bytes).
    Removing bsp_ili9341_lcd.o(i.ILI9341_DispStringLine_EN), (104 bytes).
    Removing bsp_ili9341_lcd.o(i.ILI9341_DispString_EN), (104 bytes).
    Removing bsp_ili9341_lcd.o(i.ILI9341_DispString_EN_YDir), (104 bytes).
    Removing bsp_ili9341_lcd.o(i.ILI9341_DrawCircle), (312 bytes).
    Removing bsp_ili9341_lcd.o(i.ILI9341_DrawLine), (160 bytes).
    Removing bsp_ili9341_lcd.o(i.ILI9341_DrawRectangle), (136 bytes).
    Removing bsp_ili9341_lcd.o(i.ILI9341_GetPointPixel), (24 bytes).
    Removing bsp_ili9341_lcd.o(i.ILI9341_Read_PixelData), (54 bytes).
    Removing bsp_ili9341_lcd.o(i.ILI9341_SetCursor), (20 bytes).
    Removing bsp_ili9341_lcd.o(i.ILI9341_SetPointPixel), (56 bytes).
    Removing bsp_ili9341_lcd.o(i.LCD_ClearLine), (32 bytes).
    Removing bsp_ili9341_lcd.o(i.LCD_GetColors), (24 bytes).
    Removing bsp_ili9341_lcd.o(i.LCD_GetFont), (12 bytes).
    Removing bsp_ili9341_lcd.o(i.LCD_SetBackColor), (12 bytes).
    Removing bsp_ili9341_lcd.o(i.LCD_SetTextColor), (12 bytes).
    Removing bsp_usart.o(i.fgetc), (32 bytes).
    Removing bsp_sdio_sdcard.o(i.IsCardProgramming), (412 bytes).
    Removing bsp_sdio_sdcard.o(i.SD_DeInit), (76 bytes).
    Removing bsp_sdio_sdcard.o(i.SD_Erase), (312 bytes).
    Removing bsp_sdio_sdcard.o(i.SD_GetCardStatus), (160 bytes).
    Removing bsp_sdio_sdcard.o(i.SD_GetTransferState), (24 bytes).
    Removing bsp_sdio_sdcard.o(i.SD_PowerOFF), (14 bytes).
    Removing bsp_sdio_sdcard.o(i.SD_ReadBlock), (220 bytes).
    Removing bsp_sdio_sdcard.o(i.SD_SendSDStatus), (376 bytes).
    Removing bsp_sdio_sdcard.o(i.SD_StopTransfer), (32 bytes).
    Removing bsp_sdio_sdcard.o(i.SD_WriteBlock), (220 bytes).
    Removing bsp_sdio_sdcard.o(i.convert_from_bytes_to_power_of_two), (18 bytes).
    Removing ff.o(i.dir_read), (198 bytes).
    Removing ff.o(i.dir_remove), (106 bytes).
    Removing ff.o(i.f_chmod), (92 bytes).
    Removing ff.o(i.f_closedir), (22 bytes).
    Removing ff.o(i.f_getfree), (258 bytes).
    Removing ff.o(i.f_gets), (82 bytes).
    Removing ff.o(i.f_mkdir), (358 bytes).
    Removing ff.o(i.f_mkfs), (1668 bytes).
    Removing ff.o(i.f_opendir), (118 bytes).
    Removing ff.o(i.f_printf), (628 bytes).
    Removing ff.o(i.f_putc), (64 bytes).
    Removing ff.o(i.f_puts), (74 bytes).
    Removing ff.o(i.f_readdir), (100 bytes).
    Removing ff.o(i.f_rename), (266 bytes).
    Removing ff.o(i.f_stat), (68 bytes).
    Removing ff.o(i.f_truncate), (184 bytes).
    Removing ff.o(i.f_unlink), (174 bytes).
    Removing ff.o(i.f_utime), (94 bytes).
    Removing ff.o(i.f_write), (524 bytes).
    Removing ff.o(i.get_fileinfo), (258 bytes).
    Removing ff.o(i.pick_lfn), (128 bytes).
    Removing ff.o(i.putc_bfd), (68 bytes).
    Removing dadd.o(.text), (334 bytes).
    Removing dmul.o(.text), (228 bytes).
    Removing ddiv.o(.text), (222 bytes).
    Removing dfixul.o(.text), (48 bytes).
    Removing cdrcmple.o(.text), (48 bytes).
    Removing depilogue.o(.text), (186 bytes).
    Removing bsp_ili9341_lcd.o(i.ILI9341_Read_Data), (12 bytes).

500 unused section(s) (total 27514 bytes) removed from the image.

==============================================================================

Image Symbol Table

    Local Symbols

    Symbol Name                              Value     Ov Type        Size  Object(Section)

    ../clib/microlib/division.c              0x00000000   Number         0  uidiv.o ABSOLUTE
    ../clib/microlib/division.c              0x00000000   Number         0  uldiv.o ABSOLUTE
    ../clib/microlib/init/entry.s            0x00000000   Number         0  entry11b.o ABSOLUTE
    ../clib/microlib/init/entry.s            0x00000000   Number         0  entry2.o ABSOLUTE
    ../clib/microlib/init/entry.s            0x00000000   Number         0  entry7b.o ABSOLUTE
    ../clib/microlib/init/entry.s            0x00000000   Number         0  entry10b.o ABSOLUTE
    ../clib/microlib/init/entry.s            0x00000000   Number         0  entry11a.o ABSOLUTE
    ../clib/microlib/init/entry.s            0x00000000   Number         0  entry8a.o ABSOLUTE
    ../clib/microlib/init/entry.s            0x00000000   Number         0  entry9b.o ABSOLUTE
    ../clib/microlib/init/entry.s            0x00000000   Number         0  entry10a.o ABSOLUTE
    ../clib/microlib/init/entry.s            0x00000000   Number         0  entry8b.o ABSOLUTE
    ../clib/microlib/init/entry.s            0x00000000   Number         0  entry.o ABSOLUTE
    ../clib/microlib/init/entry.s            0x00000000   Number         0  entry5.o ABSOLUTE
    ../clib/microlib/init/entry.s            0x00000000   Number         0  entry7a.o ABSOLUTE
    ../clib/microlib/init/entry.s            0x00000000   Number         0  entry9a.o ABSOLUTE
    ../clib/microlib/longlong.c              0x00000000   Number         0  llsshr.o ABSOLUTE
    ../clib/microlib/longlong.c              0x00000000   Number         0  llushr.o ABSOLUTE
    ../clib/microlib/longlong.c              0x00000000   Number         0  llshl.o ABSOLUTE
    ../clib/microlib/malloc/malloc.c         0x00000000   Number         0  mallocra.o ABSOLUTE
    ../clib/microlib/malloc/malloc.c         0x00000000   Number         0  malloc.o ABSOLUTE
    ../clib/microlib/malloc/malloc.c         0x00000000   Number         0  mallocr.o ABSOLUTE
    ../clib/microlib/malloc/malloc.c         0x00000000   Number         0  malloca.o ABSOLUTE
    ../clib/microlib/malloc/mvars.c          0x00000000   Number         0  mvars.o ABSOLUTE
    ../clib/microlib/printf/printf.c         0x00000000   Number         0  printf4.o ABSOLUTE
    ../clib/microlib/printf/printf.c         0x00000000   Number         0  printf3.o ABSOLUTE
    ../clib/microlib/printf/printf.c         0x00000000   Number         0  printf6.o ABSOLUTE
    ../clib/microlib/printf/printf.c         0x00000000   Number         0  printfb.o ABSOLUTE
    ../clib/microlib/printf/printf.c         0x00000000   Number         0  printf8.o ABSOLUTE
    ../clib/microlib/printf/printf.c         0x00000000   Number         0  printfa.o ABSOLUTE
    ../clib/microlib/printf/printf.c         0x00000000   Number         0  printf2.o ABSOLUTE
    ../clib/microlib/printf/printf.c         0x00000000   Number         0  printf1.o ABSOLUTE
    ../clib/microlib/printf/printf.c         0x00000000   Number         0  printf5.o ABSOLUTE
    ../clib/microlib/printf/printf.c         0x00000000   Number         0  printf7.o ABSOLUTE
    ../clib/microlib/printf/printf.c         0x00000000   Number         0  printf0.o ABSOLUTE
    ../clib/microlib/printf/stubs.s          0x00000000   Number         0  stubs.o ABSOLUTE
    ../clib/microlib/stdio/streams.c         0x00000000   Number         0  stdout.o ABSOLUTE
    ../clib/microlib/string/memcpy.c         0x00000000   Number         0  memcpya.o ABSOLUTE
    ../clib/microlib/string/memcpy.c         0x00000000   Number         0  memcpyb.o ABSOLUTE
    ../clib/microlib/string/strcat.c         0x00000000   Number         0  strcat.o ABSOLUTE
    ../clib/microlib/string/strcpy.c         0x00000000   Number         0  strcpy.o ABSOLUTE
    ../clib/microlib/string/strlen.c         0x00000000   Number         0  strlen.o ABSOLUTE
    ../clib/microlib/stubs.s                 0x00000000   Number         0  iusefp.o ABSOLUTE
    ../fplib/microlib/fpadd.c                0x00000000   Number         0  dadd.o ABSOLUTE
    ../fplib/microlib/fpdiv.c                0x00000000   Number         0  ddiv.o ABSOLUTE
    ../fplib/microlib/fpepilogue.c           0x00000000   Number         0  depilogue.o ABSOLUTE
    ../fplib/microlib/fpfix.c                0x00000000   Number         0  dfixul.o ABSOLUTE
    ../fplib/microlib/fpmul.c                0x00000000   Number         0  dmul.o ABSOLUTE
    ..\..\Libraries\CMSIS\core_cm3.c         0x00000000   Number         0  core_cm3.o ABSOLUTE
    ..\..\Libraries\CMSIS\startup\startup_stm32f10x_hd.s 0x00000000   Number         0  startup_stm32f10x_hd.o ABSOLUTE
    ..\..\Libraries\CMSIS\system_stm32f10x.c 0x00000000   Number         0  system_stm32f10x.o ABSOLUTE
    ..\..\Libraries\FWlib\src\misc.c         0x00000000   Number         0  misc.o ABSOLUTE
    ..\..\Libraries\FWlib\src\stm32f10x_adc.c 0x00000000   Number         0  stm32f10x_adc.o ABSOLUTE
    ..\..\Libraries\FWlib\src\stm32f10x_bkp.c 0x00000000   Number         0  stm32f10x_bkp.o ABSOLUTE
    ..\..\Libraries\FWlib\src\stm32f10x_can.c 0x00000000   Number         0  stm32f10x_can.o ABSOLUTE
    ..\..\Libraries\FWlib\src\stm32f10x_cec.c 0x00000000   Number         0  stm32f10x_cec.o ABSOLUTE
    ..\..\Libraries\FWlib\src\stm32f10x_crc.c 0x00000000   Number         0  stm32f10x_crc.o ABSOLUTE
    ..\..\Libraries\FWlib\src\stm32f10x_dac.c 0x00000000   Number         0  stm32f10x_dac.o ABSOLUTE
    ..\..\Libraries\FWlib\src\stm32f10x_dbgmcu.c 0x00000000   Number         0  stm32f10x_dbgmcu.o ABSOLUTE
    ..\..\Libraries\FWlib\src\stm32f10x_dma.c 0x00000000   Number         0  stm32f10x_dma.o ABSOLUTE
    ..\..\Libraries\FWlib\src\stm32f10x_exti.c 0x00000000   Number         0  stm32f10x_exti.o ABSOLUTE
    ..\..\Libraries\FWlib\src\stm32f10x_flash.c 0x00000000   Number         0  stm32f10x_flash.o ABSOLUTE
    ..\..\Libraries\FWlib\src\stm32f10x_fsmc.c 0x00000000   Number         0  stm32f10x_fsmc.o ABSOLUTE
    ..\..\Libraries\FWlib\src\stm32f10x_gpio.c 0x00000000   Number         0  stm32f10x_gpio.o ABSOLUTE
    ..\..\Libraries\FWlib\src\stm32f10x_i2c.c 0x00000000   Number         0  stm32f10x_i2c.o ABSOLUTE
    ..\..\Libraries\FWlib\src\stm32f10x_iwdg.c 0x00000000   Number         0  stm32f10x_iwdg.o ABSOLUTE
    ..\..\Libraries\FWlib\src\stm32f10x_pwr.c 0x00000000   Number         0  stm32f10x_pwr.o ABSOLUTE
    ..\..\Libraries\FWlib\src\stm32f10x_rcc.c 0x00000000   Number         0  stm32f10x_rcc.o ABSOLUTE
    ..\..\Libraries\FWlib\src\stm32f10x_rtc.c 0x00000000   Number         0  stm32f10x_rtc.o ABSOLUTE
    ..\..\Libraries\FWlib\src\stm32f10x_sdio.c 0x00000000   Number         0  stm32f10x_sdio.o ABSOLUTE
    ..\..\Libraries\FWlib\src\stm32f10x_spi.c 0x00000000   Number         0  stm32f10x_spi.o ABSOLUTE
    ..\..\Libraries\FWlib\src\stm32f10x_tim.c 0x00000000   Number         0  stm32f10x_tim.o ABSOLUTE
    ..\..\Libraries\FWlib\src\stm32f10x_usart.c 0x00000000   Number         0  stm32f10x_usart.o ABSOLUTE
    ..\..\Libraries\FWlib\src\stm32f10x_wwdg.c 0x00000000   Number         0  stm32f10x_wwdg.o ABSOLUTE
    ..\..\User\FATFS\diskio.c                0x00000000   Number         0  diskio.o ABSOLUTE
    ..\..\User\FATFS\ff.c                    0x00000000   Number         0  ff.o ABSOLUTE
    ..\..\User\FATFS\option\ccsbcs.c         0x00000000   Number         0  ccsbcs.o ABSOLUTE
    ..\..\User\FATFS\option\syscall.c        0x00000000   Number         0  syscall.o ABSOLUTE
    ..\..\User\Lcd\bsp_ili9341_lcd.c         0x00000000   Number         0  bsp_ili9341_lcd.o ABSOLUTE
    ..\..\User\font\fonts.c                  0x00000000   Number         0  fonts.o ABSOLUTE
    ..\..\User\led\bsp_led.c                 0x00000000   Number         0  bsp_led.o ABSOLUTE
    ..\..\User\main.c                        0x00000000   Number         0  main.o ABSOLUTE
    ..\..\User\sdio\bsp_sdio_sdcard.c        0x00000000   Number         0  bsp_sdio_sdcard.o ABSOLUTE
    ..\..\User\stm32f10x_it.c                0x00000000   Number         0  stm32f10x_it.o ABSOLUTE
    ..\..\User\tjpgd\src\jpgPort.c           0x00000000   Number         0  jpgport.o ABSOLUTE
    ..\..\User\tjpgd\src\tjpgd.c             0x00000000   Number         0  tjpgd.o ABSOLUTE
    ..\..\User\usart\bsp_usart.c             0x00000000   Number         0  bsp_usart.o ABSOLUTE
    ..\\..\\Libraries\\CMSIS\\core_cm3.c     0x00000000   Number         0  core_cm3.o ABSOLUTE
    cdrcmple.s                               0x00000000   Number         0  cdrcmple.o ABSOLUTE
    dc.s                                     0x00000000   Number         0  dc.o ABSOLUTE
    handlers.s                               0x00000000   Number         0  handlers.o ABSOLUTE
    init.s                                   0x00000000   Number         0  init.o ABSOLUTE
    RESET                                    0x08000000   Section      304  startup_stm32f10x_hd.o(RESET)
    .ARM.Collect$$$$00000000                 0x08000130   Section        0  entry.o(.ARM.Collect$$$$00000000)
    .ARM.Collect$$$$00000001                 0x08000130   Section        4  entry2.o(.ARM.Collect$$$$00000001)
    .ARM.Collect$$$$00000004                 0x08000134   Section        4  entry5.o(.ARM.Collect$$$$00000004)
    .ARM.Collect$$$$00000008                 0x08000138   Section        0  entry7b.o(.ARM.Collect$$$$00000008)
    .ARM.Collect$$$$0000000A                 0x08000138   Section        0  entry8b.o(.ARM.Collect$$$$0000000A)
    .ARM.Collect$$$$0000000B                 0x08000138   Section        8  entry9a.o(.ARM.Collect$$$$0000000B)
    .ARM.Collect$$$$0000000D                 0x08000140   Section        0  entry10a.o(.ARM.Collect$$$$0000000D)
    .ARM.Collect$$$$0000000F                 0x08000140   Section        0  entry11a.o(.ARM.Collect$$$$0000000F)
    .ARM.Collect$$$$00002712                 0x08000140   Section        4  entry2.o(.ARM.Collect$$$$00002712)
    __lit__00000000                          0x08000140   Data           4  entry2.o(.ARM.Collect$$$$00002712)
    .text                                    0x08000144   Section       36  startup_stm32f10x_hd.o(.text)
    .text                                    0x08000168   Section        0  memcpya.o(.text)
    .text                                    0x0800018c   Section        0  uldiv.o(.text)
    .text                                    0x080001f0   Section       36  init.o(.text)
    .text                                    0x08000214   Section        0  llshl.o(.text)
    .text                                    0x08000232   Section        0  llushr.o(.text)
    i.BusFault_Handler                       0x08000252   Section        0  stm32f10x_it.o(i.BusFault_Handler)
    i.CmdError                               0x08000256   Section        0  bsp_sdio_sdcard.o(i.CmdError)
    CmdError                                 0x08000257   Thumb Code    44  bsp_sdio_sdcard.o(i.CmdError)
    i.CmdResp1Error                          0x08000284   Section        0  bsp_sdio_sdcard.o(i.CmdResp1Error)
    CmdResp1Error                            0x08000285   Thumb Code    36  bsp_sdio_sdcard.o(i.CmdResp1Error)
    i.CmdResp2Error                          0x080002ac   Section        0  bsp_sdio_sdcard.o(i.CmdResp2Error)
    CmdResp2Error                            0x080002ad   Thumb Code    70  bsp_sdio_sdcard.o(i.CmdResp2Error)
    i.CmdResp3Error                          0x080002f8   Section        0  bsp_sdio_sdcard.o(i.CmdResp3Error)
    CmdResp3Error                            0x080002f9   Thumb Code    52  bsp_sdio_sdcard.o(i.CmdResp3Error)
    i.CmdResp6Error                          0x08000330   Section        0  bsp_sdio_sdcard.o(i.CmdResp6Error)
    CmdResp6Error                            0x08000331   Thumb Code   152  bsp_sdio_sdcard.o(i.CmdResp6Error)
    i.CmdResp7Error                          0x080003cc   Section        0  bsp_sdio_sdcard.o(i.CmdResp7Error)
    CmdResp7Error                            0x080003cd   Thumb Code    72  bsp_sdio_sdcard.o(i.CmdResp7Error)
    i.DMA_ClearFlag                          0x08000418   Section        0  stm32f10x_dma.o(i.DMA_ClearFlag)
    i.DMA_Cmd                                0x08000434   Section        0  stm32f10x_dma.o(i.DMA_Cmd)
    i.DMA_GetFlagStatus                      0x0800044c   Section        0  stm32f10x_dma.o(i.DMA_GetFlagStatus)
    i.DMA_Init                               0x08000478   Section        0  stm32f10x_dma.o(i.DMA_Init)
    i.DebugMon_Handler                       0x080004b4   Section        0  stm32f10x_it.o(i.DebugMon_Handler)
    i.FSMC_NORSRAMCmd                        0x080004b8   Section        0  stm32f10x_fsmc.o(i.FSMC_NORSRAMCmd)
    i.FSMC_NORSRAMInit                       0x080004ec   Section        0  stm32f10x_fsmc.o(i.FSMC_NORSRAMInit)
    i.FindSCR                                0x080005d4   Section        0  bsp_sdio_sdcard.o(i.FindSCR)
    FindSCR                                  0x080005d5   Thumb Code   394  bsp_sdio_sdcard.o(i.FindSCR)
    i.GPIO_Configuration                     0x08000770   Section        0  bsp_sdio_sdcard.o(i.GPIO_Configuration)
    GPIO_Configuration                       0x08000771   Thumb Code    70  bsp_sdio_sdcard.o(i.GPIO_Configuration)
    i.GPIO_Init                              0x080007c0   Section        0  stm32f10x_gpio.o(i.GPIO_Init)
    i.GPIO_ResetBits                         0x080008d6   Section        0  stm32f10x_gpio.o(i.GPIO_ResetBits)
    i.GPIO_SetBits                           0x080008da   Section        0  stm32f10x_gpio.o(i.GPIO_SetBits)
    i.HardFault_Handler                      0x080008de   Section        0  stm32f10x_it.o(i.HardFault_Handler)
    i.ILI9341_BackLed_Control                0x080008e4   Section        0  bsp_ili9341_lcd.o(i.ILI9341_BackLed_Control)
    i.ILI9341_Clear                          0x08000908   Section        0  bsp_ili9341_lcd.o(i.ILI9341_Clear)
    i.ILI9341_Delay                          0x08000934   Section        0  bsp_ili9341_lcd.o(i.ILI9341_Delay)
    ILI9341_Delay                            0x08000935   Thumb Code    18  bsp_ili9341_lcd.o(i.ILI9341_Delay)
    i.ILI9341_FSMC_Config                    0x08000946   Section        0  bsp_ili9341_lcd.o(i.ILI9341_FSMC_Config)
    ILI9341_FSMC_Config                      0x08000947   Thumb Code    94  bsp_ili9341_lcd.o(i.ILI9341_FSMC_Config)
    i.ILI9341_FillColor                      0x080009a4   Section        0  bsp_ili9341_lcd.o(i.ILI9341_FillColor)
    ILI9341_FillColor                        0x080009a5   Thumb Code    32  bsp_ili9341_lcd.o(i.ILI9341_FillColor)
    i.ILI9341_GPIO_Config                    0x080009c4   Section        0  bsp_ili9341_lcd.o(i.ILI9341_GPIO_Config)
    ILI9341_GPIO_Config                      0x080009c5   Thumb Code   398  bsp_ili9341_lcd.o(i.ILI9341_GPIO_Config)
    i.ILI9341_GramScan                       0x08000b5c   Section        0  bsp_ili9341_lcd.o(i.ILI9341_GramScan)
    i.ILI9341_Init                           0x08000c14   Section        0  bsp_ili9341_lcd.o(i.ILI9341_Init)
    i.ILI9341_OpenWindow                     0x08000c3c   Section        0  bsp_ili9341_lcd.o(i.ILI9341_OpenWindow)
    i.ILI9341_REG_Config                     0x08000c9c   Section        0  bsp_ili9341_lcd.o(i.ILI9341_REG_Config)
    ILI9341_REG_Config                       0x08000c9d   Thumb Code   556  bsp_ili9341_lcd.o(i.ILI9341_REG_Config)
    i.ILI9341_Rst                            0x08000ecc   Section        0  bsp_ili9341_lcd.o(i.ILI9341_Rst)
    i.ILI9341_Write_Cmd                      0x08000ef4   Section        0  bsp_ili9341_lcd.o(i.ILI9341_Write_Cmd)
    i.ILI9341_Write_Data                     0x08000efc   Section        0  bsp_ili9341_lcd.o(i.ILI9341_Write_Data)
    i.LCD_SetColors                          0x08000f08   Section        0  bsp_ili9341_lcd.o(i.LCD_SetColors)
    i.LCD_SetFont                            0x08000f1c   Section        0  bsp_ili9341_lcd.o(i.LCD_SetFont)
    i.LED_GPIO_Config                        0x08000f28   Section        0  bsp_led.o(i.LED_GPIO_Config)
    i.MemManage_Handler                      0x08000f88   Section        0  stm32f10x_it.o(i.MemManage_Handler)
    i.NMI_Handler                            0x08000f8c   Section        0  stm32f10x_it.o(i.NMI_Handler)
    i.NVIC_Configuration                     0x08000f8e   Section        0  bsp_sdio_sdcard.o(i.NVIC_Configuration)
    NVIC_Configuration                       0x08000f8f   Thumb Code    40  bsp_sdio_sdcard.o(i.NVIC_Configuration)
    i.NVIC_Init                              0x08000fb8   Section        0  misc.o(i.NVIC_Init)
    i.NVIC_PriorityGroupConfig               0x08001028   Section        0  misc.o(i.NVIC_PriorityGroupConfig)
    i.PendSV_Handler                         0x0800103c   Section        0  stm32f10x_it.o(i.PendSV_Handler)
    i.RCC_AHBPeriphClockCmd                  0x08001040   Section        0  stm32f10x_rcc.o(i.RCC_AHBPeriphClockCmd)
    i.RCC_APB2PeriphClockCmd                 0x08001060   Section        0  stm32f10x_rcc.o(i.RCC_APB2PeriphClockCmd)
    i.RCC_GetClocksFreq                      0x08001080   Section        0  stm32f10x_rcc.o(i.RCC_GetClocksFreq)
    i.SDEnWideBus                            0x08001154   Section        0  bsp_sdio_sdcard.o(i.SDEnWideBus)
    SDEnWideBus                              0x08001155   Thumb Code   274  bsp_sdio_sdcard.o(i.SDEnWideBus)
    i.SDIO_ClearFlag                         0x08001270   Section        0  stm32f10x_sdio.o(i.SDIO_ClearFlag)
    i.SDIO_ClearITPendingBit                 0x0800127c   Section        0  stm32f10x_sdio.o(i.SDIO_ClearITPendingBit)
    i.SDIO_ClockCmd                          0x08001288   Section        0  stm32f10x_sdio.o(i.SDIO_ClockCmd)
    i.SDIO_DMACmd                            0x08001294   Section        0  stm32f10x_sdio.o(i.SDIO_DMACmd)
    i.SDIO_DataConfig                        0x080012a0   Section        0  stm32f10x_sdio.o(i.SDIO_DataConfig)
    i.SDIO_DeInit                            0x080012d0   Section        0  stm32f10x_sdio.o(i.SDIO_DeInit)
    i.SDIO_GetCommandResponse                0x080012f4   Section        0  stm32f10x_sdio.o(i.SDIO_GetCommandResponse)
    i.SDIO_GetFlagStatus                     0x08001300   Section        0  stm32f10x_sdio.o(i.SDIO_GetFlagStatus)
    i.SDIO_GetPowerState                     0x08001318   Section        0  stm32f10x_sdio.o(i.SDIO_GetPowerState)
    i.SDIO_GetResponse                       0x08001328   Section        0  stm32f10x_sdio.o(i.SDIO_GetResponse)
    i.SDIO_IRQHandler                        0x08001340   Section        0  stm32f10x_it.o(i.SDIO_IRQHandler)
    i.SDIO_ITConfig                          0x08001348   Section        0  stm32f10x_sdio.o(i.SDIO_ITConfig)
    i.SDIO_Init                              0x08001368   Section        0  stm32f10x_sdio.o(i.SDIO_Init)
    i.SDIO_ReadData                          0x08001398   Section        0  stm32f10x_sdio.o(i.SDIO_ReadData)
    i.SDIO_SendCommand                       0x080013a4   Section        0  stm32f10x_sdio.o(i.SDIO_SendCommand)
    i.SDIO_SetPowerState                     0x080013d0   Section        0  stm32f10x_sdio.o(i.SDIO_SetPowerState)
    i.SD_DMAEndOfTransferStatus              0x080013ec   Section        0  bsp_sdio_sdcard.o(i.SD_DMAEndOfTransferStatus)
    SD_DMAEndOfTransferStatus                0x080013ed   Thumb Code    10  bsp_sdio_sdcard.o(i.SD_DMAEndOfTransferStatus)
    i.SD_DMA_RxConfig                        0x080013fc   Section        0  bsp_sdio_sdcard.o(i.SD_DMA_RxConfig)
    SD_DMA_RxConfig                          0x080013fd   Thumb Code    86  bsp_sdio_sdcard.o(i.SD_DMA_RxConfig)
    i.SD_DMA_TxConfig                        0x08001460   Section        0  bsp_sdio_sdcard.o(i.SD_DMA_TxConfig)
    SD_DMA_TxConfig                          0x08001461   Thumb Code    86  bsp_sdio_sdcard.o(i.SD_DMA_TxConfig)
    i.SD_EnableWideBusOperation              0x080014c4   Section        0  bsp_sdio_sdcard.o(i.SD_EnableWideBusOperation)
    i.SD_GetCardInfo                         0x08001558   Section        0  bsp_sdio_sdcard.o(i.SD_GetCardInfo)
    i.SD_GetState                            0x08001824   Section        0  bsp_sdio_sdcard.o(i.SD_GetState)
    i.SD_GetStatus                           0x0800183e   Section        0  bsp_sdio_sdcard.o(i.SD_GetStatus)
    i.SD_Init                                0x0800185c   Section        0  bsp_sdio_sdcard.o(i.SD_Init)
    i.SD_InitializeCards                     0x080018d0   Section        0  bsp_sdio_sdcard.o(i.SD_InitializeCards)
    i.SD_PowerON                             0x08001a0c   Section        0  bsp_sdio_sdcard.o(i.SD_PowerON)
    i.SD_ProcessIRQSrc                       0x08001b94   Section        0  bsp_sdio_sdcard.o(i.SD_ProcessIRQSrc)
    i.SD_ReadMultiBlocks                     0x08001bec   Section        0  bsp_sdio_sdcard.o(i.SD_ReadMultiBlocks)
    i.SD_SelectDeselect                      0x08001cd4   Section        0  bsp_sdio_sdcard.o(i.SD_SelectDeselect)
    i.SD_SendStatus                          0x08001d08   Section        0  bsp_sdio_sdcard.o(i.SD_SendStatus)
    i.SD_WaitReadOperation                   0x08001d40   Section        0  bsp_sdio_sdcard.o(i.SD_WaitReadOperation)
    i.SD_WaitWriteOperation                  0x08001d74   Section        0  bsp_sdio_sdcard.o(i.SD_WaitWriteOperation)
    i.SD_WriteMultiBlocks                    0x08001db0   Section        0  bsp_sdio_sdcard.o(i.SD_WriteMultiBlocks)
    i.SVC_Handler                            0x08001ef8   Section        0  stm32f10x_it.o(i.SVC_Handler)
    i.SetSysClock                            0x08001efa   Section        0  system_stm32f10x.o(i.SetSysClock)
    SetSysClock                              0x08001efb   Thumb Code     8  system_stm32f10x.o(i.SetSysClock)
    i.SetSysClockTo72                        0x08001f04   Section        0  system_stm32f10x.o(i.SetSysClockTo72)
    SetSysClockTo72                          0x08001f05   Thumb Code   214  system_stm32f10x.o(i.SetSysClockTo72)
    i.SysTick_Handler                        0x08001fe4   Section        0  stm32f10x_it.o(i.SysTick_Handler)
    i.SystemInit                             0x08001fe8   Section        0  system_stm32f10x.o(i.SystemInit)
    i.USART_Cmd                              0x08002048   Section        0  stm32f10x_usart.o(i.USART_Cmd)
    i.USART_Config                           0x08002060   Section        0  bsp_usart.o(i.USART_Config)
    i.USART_GetFlagStatus                    0x080020e0   Section        0  stm32f10x_usart.o(i.USART_GetFlagStatus)
    i.USART_Init                             0x080020fc   Section        0  stm32f10x_usart.o(i.USART_Init)
    i.USART_SendData                         0x080021d4   Section        0  stm32f10x_usart.o(i.USART_SendData)
    i.UsageFault_Handler                     0x080021dc   Section        0  stm32f10x_it.o(i.UsageFault_Handler)
    i.__0printf$4                            0x080021e0   Section        0  printf4.o(i.__0printf$4)
    i.__scatterload_copy                     0x08002200   Section       14  handlers.o(i.__scatterload_copy)
    i.__scatterload_null                     0x0800220e   Section        2  handlers.o(i.__scatterload_null)
    i.__scatterload_zeroinit                 0x08002210   Section       14  handlers.o(i.__scatterload_zeroinit)
    i._printf_core                           0x08002220   Section        0  printf4.o(i._printf_core)
    _printf_core                             0x08002221   Thumb Code   552  printf4.o(i._printf_core)
    i.alloc_pool                             0x0800244c   Section        0  tjpgd.o(i.alloc_pool)
    alloc_pool                               0x0800244d   Thumb Code    30  tjpgd.o(i.alloc_pool)
    i.bitext                                 0x0800246a   Section        0  tjpgd.o(i.bitext)
    bitext                                   0x0800246b   Thumb Code   144  tjpgd.o(i.bitext)
    i.block_idct                             0x080024fc   Section        0  tjpgd.o(i.block_idct)
    block_idct                               0x080024fd   Thumb Code   676  tjpgd.o(i.block_idct)
    i.check_fs                               0x080027a4   Section        0  ff.o(i.check_fs)
    check_fs                                 0x080027a5   Thumb Code   140  ff.o(i.check_fs)
    i.chk_chr                                0x08002834   Section        0  ff.o(i.chk_chr)
    chk_chr                                  0x08002835   Thumb Code    20  ff.o(i.chk_chr)
    i.clust2sect                             0x08002848   Section        0  ff.o(i.clust2sect)
    i.cmp_lfn                                0x08002864   Section        0  ff.o(i.cmp_lfn)
    cmp_lfn                                  0x08002865   Thumb Code   154  ff.o(i.cmp_lfn)
    i.create_chain                           0x08002904   Section        0  ff.o(i.create_chain)
    create_chain                             0x08002905   Thumb Code   214  ff.o(i.create_chain)
    i.create_huffman_tbl                     0x080029da   Section        0  tjpgd.o(i.create_huffman_tbl)
    create_huffman_tbl                       0x080029db   Thumb Code   308  tjpgd.o(i.create_huffman_tbl)
    i.create_name                            0x08002b10   Section        0  ff.o(i.create_name)
    create_name                              0x08002b11   Thumb Code   534  ff.o(i.create_name)
    i.create_qt_tbl                          0x08002d40   Section        0  tjpgd.o(i.create_qt_tbl)
    create_qt_tbl                            0x08002d41   Thumb Code   108  tjpgd.o(i.create_qt_tbl)
    i.delay_us                               0x08002db4   Section        0  main.o(i.delay_us)
    i.dir_alloc                              0x08002dce   Section        0  ff.o(i.dir_alloc)
    dir_alloc                                0x08002dcf   Thumb Code    92  ff.o(i.dir_alloc)
    i.dir_find                               0x08002e2a   Section        0  ff.o(i.dir_find)
    dir_find                                 0x08002e2b   Thumb Code   234  ff.o(i.dir_find)
    i.dir_next                               0x08002f14   Section        0  ff.o(i.dir_next)
    dir_next                                 0x08002f15   Thumb Code   314  ff.o(i.dir_next)
    i.dir_register                           0x0800304e   Section        0  ff.o(i.dir_register)
    dir_register                             0x0800304f   Thumb Code   298  ff.o(i.dir_register)
    i.dir_sdi                                0x08003178   Section        0  ff.o(i.dir_sdi)
    dir_sdi                                  0x08003179   Thumb Code   200  ff.o(i.dir_sdi)
    i.disk_initialize                        0x08003240   Section        0  diskio.o(i.disk_initialize)
    i.disk_ioctl                             0x0800326c   Section        0  diskio.o(i.disk_ioctl)
    i.disk_read                              0x080032c0   Section        0  diskio.o(i.disk_read)
    i.disk_status                            0x0800336e   Section        0  diskio.o(i.disk_status)
    i.disk_write                             0x0800338a   Section        0  diskio.o(i.disk_write)
    i.f_close                                0x0800343e   Section        0  ff.o(i.f_close)
    i.f_lseek                                0x0800345e   Section        0  ff.o(i.f_lseek)
    i.f_mount                                0x080035f8   Section        0  ff.o(i.f_mount)
    i.f_open                                 0x08003654   Section        0  ff.o(i.f_open)
    i.f_read                                 0x080037d2   Section        0  ff.o(i.f_read)
    i.f_sync                                 0x080039a2   Section        0  ff.o(i.f_sync)
    i.ff_convert                             0x08003a54   Section        0  ccsbcs.o(i.ff_convert)
    i.ff_wtoupper                            0x08003aa0   Section        0  ccsbcs.o(i.ff_wtoupper)
    i.find_volume                            0x08003afc   Section        0  ff.o(i.find_volume)
    find_volume                              0x08003afd   Thumb Code   966  ff.o(i.find_volume)
    i.fit_lfn                                0x08003ed4   Section        0  ff.o(i.fit_lfn)
    fit_lfn                                  0x08003ed5   Thumb Code   122  ff.o(i.fit_lfn)
    i.follow_path                            0x08003f54   Section        0  ff.o(i.follow_path)
    follow_path                              0x08003f55   Thumb Code   144  ff.o(i.follow_path)
    i.fputc                                  0x08003fe4   Section        0  bsp_usart.o(i.fputc)
    i.free                                   0x08004008   Section        0  malloc.o(i.free)
    i.gen_numname                            0x08004058   Section        0  ff.o(i.gen_numname)
    gen_numname                              0x08004059   Thumb Code   176  ff.o(i.gen_numname)
    i.get_fat                                0x0800410c   Section        0  ff.o(i.get_fat)
    i.get_fattime                            0x0800424c   Section        0  diskio.o(i.get_fattime)
    i.get_ldnumber                           0x08004254   Section        0  ff.o(i.get_ldnumber)
    get_ldnumber                             0x08004255   Thumb Code    74  ff.o(i.get_ldnumber)
    i.huffext                                0x0800429e   Section        0  tjpgd.o(i.huffext)
    huffext                                  0x0800429f   Thumb Code   192  tjpgd.o(i.huffext)
    i.in_func                                0x0800435e   Section        0  jpgport.o(i.in_func)
    i.jd_decomp                              0x080043a0   Section        0  tjpgd.o(i.jd_decomp)
    i.jd_prepare                             0x08004442   Section        0  tjpgd.o(i.jd_prepare)
    i.jpgDisplay                             0x080047e0   Section        0  jpgport.o(i.jpgDisplay)
    i.ld_clust                               0x080048fc   Section        0  ff.o(i.ld_clust)
    ld_clust                                 0x080048fd   Thumb Code    32  ff.o(i.ld_clust)
    i.main                                   0x0800491c   Section        0  main.o(i.main)
    i.malloc                                 0x08004b54   Section        0  malloc.o(i.malloc)
    i.mcu_load                               0x08004bc0   Section        0  tjpgd.o(i.mcu_load)
    mcu_load                                 0x08004bc1   Thumb Code   476  tjpgd.o(i.mcu_load)
    i.mcu_output                             0x08004da0   Section        0  tjpgd.o(i.mcu_output)
    mcu_output                               0x08004da1   Thumb Code   916  tjpgd.o(i.mcu_output)
    i.mem_cmp                                0x08005138   Section        0  ff.o(i.mem_cmp)
    mem_cmp                                  0x08005139   Thumb Code    38  ff.o(i.mem_cmp)
    i.mem_cpy                                0x0800515e   Section        0  ff.o(i.mem_cpy)
    mem_cpy                                  0x0800515f   Thumb Code    26  ff.o(i.mem_cpy)
    i.mem_set                                0x08005178   Section        0  ff.o(i.mem_set)
    mem_set                                  0x08005179   Thumb Code    20  ff.o(i.mem_set)
    i.move_window                            0x0800518c   Section        0  ff.o(i.move_window)
    move_window                              0x0800518d   Thumb Code    52  ff.o(i.move_window)
    i.out_func                               0x080051c0   Section        0  jpgport.o(i.out_func)
    i.put_fat                                0x08005258   Section        0  ff.o(i.put_fat)
    i.remove_chain                           0x080053e0   Section        0  ff.o(i.remove_chain)
    remove_chain                             0x080053e1   Thumb Code   108  ff.o(i.remove_chain)
    i.restart                                0x0800544c   Section        0  tjpgd.o(i.restart)
    restart                                  0x0800544d   Thumb Code   112  tjpgd.o(i.restart)
    i.st_clust                               0x080054bc   Section        0  ff.o(i.st_clust)
    st_clust                                 0x080054bd   Thumb Code    16  ff.o(i.st_clust)
    i.sum_sfn                                0x080054cc   Section        0  ff.o(i.sum_sfn)
    sum_sfn                                  0x080054cd   Thumb Code    32  ff.o(i.sum_sfn)
    i.sync_fs                                0x080054ec   Section        0  ff.o(i.sync_fs)
    sync_fs                                  0x080054ed   Thumb Code   200  ff.o(i.sync_fs)
    i.sync_window                            0x080055b4   Section        0  ff.o(i.sync_window)
    sync_window                              0x080055b5   Thumb Code    82  ff.o(i.sync_window)
    i.validate                               0x08005606   Section        0  ff.o(i.validate)
    validate                                 0x08005607   Thumb Code    50  ff.o(i.validate)
    .constdata                               0x08005638   Section    15200  fonts.o(.constdata)
    .constdata                               0x08009198   Section      186  ff.o(.constdata)
    ExCvt                                    0x08009198   Data         128  ff.o(.constdata)
    LfnOfs                                   0x08009218   Data          13  ff.o(.constdata)
    vst                                      0x08009226   Data          22  ff.o(.constdata)
    cst                                      0x0800923c   Data          22  ff.o(.constdata)
    .constdata                               0x08009252   Section     2232  ccsbcs.o(.constdata)
    Tbl                                      0x08009252   Data         256  ccsbcs.o(.constdata)
    lower                                    0x08009352   Data         988  ccsbcs.o(.constdata)
    upper                                    0x0800972e   Data         988  ccsbcs.o(.constdata)
    .constdata                               0x08009b0a   Section     1216  tjpgd.o(.constdata)
    Zig                                      0x08009b0a   Data          64  tjpgd.o(.constdata)
    Ipsf                                     0x08009b4a   Data         128  tjpgd.o(.constdata)
    Clip8                                    0x08009bca   Data        1024  tjpgd.o(.constdata)
    .data                                    0x20000000   Section       20  stm32f10x_rcc.o(.data)
    APBAHBPrescTable                         0x20000000   Data          16  stm32f10x_rcc.o(.data)
    ADCPrescTable                            0x20000010   Data           4  stm32f10x_rcc.o(.data)
    .data                                    0x20000014   Section        1  main.o(.data)
    .data                                    0x20000018   Section       16  bsp_ili9341_lcd.o(.data)
    LCD_Currentfonts                         0x20000020   Data           4  bsp_ili9341_lcd.o(.data)
    CurrentTextColor                         0x20000024   Data           2  bsp_ili9341_lcd.o(.data)
    CurrentBackColor                         0x20000026   Data           2  bsp_ili9341_lcd.o(.data)
    .data                                    0x20000028   Section       24  fonts.o(.data)
    .data                                    0x20000040   Section       20  bsp_sdio_sdcard.o(.data)
    CardType                                 0x20000040   Data           4  bsp_sdio_sdcard.o(.data)
    RCA                                      0x20000044   Data           4  bsp_sdio_sdcard.o(.data)
    .data                                    0x20000054   Section       10  ff.o(.data)
    FatFs                                    0x20000054   Data           8  ff.o(.data)
    Fsid                                     0x2000005c   Data           2  ff.o(.data)
    .data                                    0x20000060   Section        4  stdout.o(.data)
    .data                                    0x20000064   Section        4  mvars.o(.data)
    .data                                    0x20000068   Section        4  mvars.o(.data)
    .bss                                     0x2000006c   Section     4144  main.o(.bss)
    .bss                                     0x2000109c   Section      196  bsp_sdio_sdcard.o(.bss)
    CSD_Tab                                  0x2000109c   Data          16  bsp_sdio_sdcard.o(.bss)
    CID_Tab                                  0x200010ac   Data          16  bsp_sdio_sdcard.o(.bss)
    SDSTATUS_Tab                             0x200010bc   Data          16  bsp_sdio_sdcard.o(.bss)
    HEAP                                     0x20001160   Section     8192  startup_stm32f10x_hd.o(HEAP)
    STACK                                    0x20003160   Section     8192  startup_stm32f10x_hd.o(STACK)

    Global Symbols

    Symbol Name                              Value     Ov Type        Size  Object(Section)

    BuildAttributes$$THM_ISAv4$P$D$K$B$S$PE$A:L22UL41UL21$X:L11$S22US41US21$IEEE1$IW$USESV6$~STKCKD$USESV7$~SHL$OSPACE$ROPI$EBA8$MICROLIB$REQ8$PRES8$EABIv2 0x00000000   Number         0  anon$$obj.o ABSOLUTE
    __ARM_use_no_argv                        0x00000000   Number         0  main.o ABSOLUTE
    _printf_a                                0x00000000   Number         0  stubs.o ABSOLUTE
    _printf_c                                0x00000000   Number         0  stubs.o ABSOLUTE
    _printf_charcount                        0x00000000   Number         0  stubs.o ABSOLUTE
    _printf_d                                0x00000000   Number         0  stubs.o ABSOLUTE
    _printf_e                                0x00000000   Number         0  stubs.o ABSOLUTE
    _printf_f                                0x00000000   Number         0  stubs.o ABSOLUTE
    _printf_flags                            0x00000000   Number         0  stubs.o ABSOLUTE
    _printf_fp_dec                           0x00000000   Number         0  stubs.o ABSOLUTE
    _printf_fp_hex                           0x00000000   Number         0  stubs.o ABSOLUTE
    _printf_g                                0x00000000   Number         0  stubs.o ABSOLUTE
    _printf_i                                0x00000000   Number         0  stubs.o ABSOLUTE
    _printf_int_dec                          0x00000000   Number         0  stubs.o ABSOLUTE
    _printf_l                                0x00000000   Number         0  stubs.o ABSOLUTE
    _printf_lc                               0x00000000   Number         0  stubs.o ABSOLUTE
    _printf_ll                               0x00000000   Number         0  stubs.o ABSOLUTE
    _printf_lld                              0x00000000   Number         0  stubs.o ABSOLUTE
    _printf_lli                              0x00000000   Number         0  stubs.o ABSOLUTE
    _printf_llo                              0x00000000   Number         0  stubs.o ABSOLUTE
    _printf_llu                              0x00000000   Number         0  stubs.o ABSOLUTE
    _printf_llx                              0x00000000   Number         0  stubs.o ABSOLUTE
    _printf_longlong_dec                     0x00000000   Number         0  stubs.o ABSOLUTE
    _printf_longlong_hex                     0x00000000   Number         0  stubs.o ABSOLUTE
    _printf_longlong_oct                     0x00000000   Number         0  stubs.o ABSOLUTE
    _printf_ls                               0x00000000   Number         0  stubs.o ABSOLUTE
    _printf_mbtowc                           0x00000000   Number         0  stubs.o ABSOLUTE
    _printf_n                                0x00000000   Number         0  stubs.o ABSOLUTE
    _printf_o                                0x00000000   Number         0  stubs.o ABSOLUTE
    _printf_p                                0x00000000   Number         0  stubs.o ABSOLUTE
    _printf_percent                          0x00000000   Number         0  stubs.o ABSOLUTE
    _printf_pre_padding                      0x00000000   Number         0  stubs.o ABSOLUTE
    _printf_return_value                     0x00000000   Number         0  stubs.o ABSOLUTE
    _printf_s                                0x00000000   Number         0  stubs.o ABSOLUTE
    _printf_sizespec                         0x00000000   Number         0  stubs.o ABSOLUTE
    _printf_str                              0x00000000   Number         0  stubs.o ABSOLUTE
    _printf_truncate_signed                  0x00000000   Number         0  stubs.o ABSOLUTE
    _printf_truncate_unsigned                0x00000000   Number         0  stubs.o ABSOLUTE
    _printf_u                                0x00000000   Number         0  stubs.o ABSOLUTE
    _printf_wc                               0x00000000   Number         0  stubs.o ABSOLUTE
    _printf_wctomb                           0x00000000   Number         0  stubs.o ABSOLUTE
    _printf_widthprec                        0x00000000   Number         0  stubs.o ABSOLUTE
    _printf_x                                0x00000000   Number         0  stubs.o ABSOLUTE
    __cpp_initialize__aeabi_                  - Undefined Weak Reference
    __cxa_finalize                            - Undefined Weak Reference
    __decompress                              - Undefined Weak Reference
    _clock_init                               - Undefined Weak Reference
    _microlib_exit                            - Undefined Weak Reference
    __Vectors_Size                           0x00000130   Number         0  startup_stm32f10x_hd.o ABSOLUTE
    __Vectors                                0x08000000   Data           4  startup_stm32f10x_hd.o(RESET)
    __Vectors_End                            0x08000130   Data           0  startup_stm32f10x_hd.o(RESET)
    __main                                   0x08000131   Thumb Code     0  entry.o(.ARM.Collect$$$$00000000)
    _main_stk                                0x08000131   Thumb Code     0  entry2.o(.ARM.Collect$$$$00000001)
    _main_scatterload                        0x08000135   Thumb Code     0  entry5.o(.ARM.Collect$$$$00000004)
    __main_after_scatterload                 0x08000139   Thumb Code     0  entry5.o(.ARM.Collect$$$$00000004)
    _main_clock                              0x08000139   Thumb Code     0  entry7b.o(.ARM.Collect$$$$00000008)
    _main_cpp_init                           0x08000139   Thumb Code     0  entry8b.o(.ARM.Collect$$$$0000000A)
    _main_init                               0x08000139   Thumb Code     0  entry9a.o(.ARM.Collect$$$$0000000B)
    __rt_final_cpp                           0x08000141   Thumb Code     0  entry10a.o(.ARM.Collect$$$$0000000D)
    __rt_final_exit                          0x08000141   Thumb Code     0  entry11a.o(.ARM.Collect$$$$0000000F)
    Reset_Handler                            0x08000145   Thumb Code     8  startup_stm32f10x_hd.o(.text)
    ADC1_2_IRQHandler                        0x0800015f   Thumb Code     0  startup_stm32f10x_hd.o(.text)
    ADC3_IRQHandler                          0x0800015f   Thumb Code     0  startup_stm32f10x_hd.o(.text)
    CAN1_RX1_IRQHandler                      0x0800015f   Thumb Code     0  startup_stm32f10x_hd.o(.text)
    CAN1_SCE_IRQHandler                      0x0800015f   Thumb Code     0  startup_stm32f10x_hd.o(.text)
    DMA1_Channel1_IRQHandler                 0x0800015f   Thumb Code     0  startup_stm32f10x_hd.o(.text)
    DMA1_Channel2_IRQHandler                 0x0800015f   Thumb Code     0  startup_stm32f10x_hd.o(.text)
    DMA1_Channel3_IRQHandler                 0x0800015f   Thumb Code     0  startup_stm32f10x_hd.o(.text)
    DMA1_Channel4_IRQHandler                 0x0800015f   Thumb Code     0  startup_stm32f10x_hd.o(.text)
    DMA1_Channel5_IRQHandler                 0x0800015f   Thumb Code     0  startup_stm32f10x_hd.o(.text)
    DMA1_Channel6_IRQHandler                 0x0800015f   Thumb Code     0  startup_stm32f10x_hd.o(.text)
    DMA1_Channel7_IRQHandler                 0x0800015f   Thumb Code     0  startup_stm32f10x_hd.o(.text)
    DMA2_Channel1_IRQHandler                 0x0800015f   Thumb Code     0  startup_stm32f10x_hd.o(.text)
    DMA2_Channel2_IRQHandler                 0x0800015f   Thumb Code     0  startup_stm32f10x_hd.o(.text)
    DMA2_Channel3_IRQHandler                 0x0800015f   Thumb Code     0  startup_stm32f10x_hd.o(.text)
    DMA2_Channel4_5_IRQHandler               0x0800015f   Thumb Code     0  startup_stm32f10x_hd.o(.text)
    EXTI0_IRQHandler                         0x0800015f   Thumb Code     0  startup_stm32f10x_hd.o(.text)
    EXTI15_10_IRQHandler                     0x0800015f   Thumb Code     0  startup_stm32f10x_hd.o(.text)
    EXTI1_IRQHandler                         0x0800015f   Thumb Code     0  startup_stm32f10x_hd.o(.text)
    EXTI2_IRQHandler                         0x0800015f   Thumb Code     0  startup_stm32f10x_hd.o(.text)
    EXTI3_IRQHandler                         0x0800015f   Thumb Code     0  startup_stm32f10x_hd.o(.text)
    EXTI4_IRQHandler                         0x0800015f   Thumb Code     0  startup_stm32f10x_hd.o(.text)
    EXTI9_5_IRQHandler                       0x0800015f   Thumb Code     0  startup_stm32f10x_hd.o(.text)
    FLASH_IRQHandler                         0x0800015f   Thumb Code     0  startup_stm32f10x_hd.o(.text)
    FSMC_IRQHandler                          0x0800015f   Thumb Code     0  startup_stm32f10x_hd.o(.text)
    I2C1_ER_IRQHandler                       0x0800015f   Thumb Code     0  startup_stm32f10x_hd.o(.text)
    I2C1_EV_IRQHandler                       0x0800015f   Thumb Code     0  startup_stm32f10x_hd.o(.text)
    I2C2_ER_IRQHandler                       0x0800015f   Thumb Code     0  startup_stm32f10x_hd.o(.text)
    I2C2_EV_IRQHandler                       0x0800015f   Thumb Code     0  startup_stm32f10x_hd.o(.text)
    PVD_IRQHandler                           0x0800015f   Thumb Code     0  startup_stm32f10x_hd.o(.text)
    RCC_IRQHandler                           0x0800015f   Thumb Code     0  startup_stm32f10x_hd.o(.text)
    RTCAlarm_IRQHandler                      0x0800015f   Thumb Code     0  startup_stm32f10x_hd.o(.text)
    RTC_IRQHandler                           0x0800015f   Thumb Code     0  startup_stm32f10x_hd.o(.text)
    SPI1_IRQHandler                          0x0800015f   Thumb Code     0  startup_stm32f10x_hd.o(.text)
    SPI2_IRQHandler                          0x0800015f   Thumb Code     0  startup_stm32f10x_hd.o(.text)
    SPI3_IRQHandler                          0x0800015f   Thumb Code     0  startup_stm32f10x_hd.o(.text)
    TAMPER_IRQHandler                        0x0800015f   Thumb Code     0  startup_stm32f10x_hd.o(.text)
    TIM1_BRK_IRQHandler                      0x0800015f   Thumb Code     0  startup_stm32f10x_hd.o(.text)
    TIM1_CC_IRQHandler                       0x0800015f   Thumb Code     0  startup_stm32f10x_hd.o(.text)
    TIM1_TRG_COM_IRQHandler                  0x0800015f   Thumb Code     0  startup_stm32f10x_hd.o(.text)
    TIM1_UP_IRQHandler                       0x0800015f   Thumb Code     0  startup_stm32f10x_hd.o(.text)
    TIM2_IRQHandler                          0x0800015f   Thumb Code     0  startup_stm32f10x_hd.o(.text)
    TIM3_IRQHandler                          0x0800015f   Thumb Code     0  startup_stm32f10x_hd.o(.text)
    TIM4_IRQHandler                          0x0800015f   Thumb Code     0  startup_stm32f10x_hd.o(.text)
    TIM5_IRQHandler                          0x0800015f   Thumb Code     0  startup_stm32f10x_hd.o(.text)
    TIM6_IRQHandler                          0x0800015f   Thumb Code     0  startup_stm32f10x_hd.o(.text)
    TIM7_IRQHandler                          0x0800015f   Thumb Code     0  startup_stm32f10x_hd.o(.text)
    TIM8_BRK_IRQHandler                      0x0800015f   Thumb Code     0  startup_stm32f10x_hd.o(.text)
    TIM8_CC_IRQHandler                       0x0800015f   Thumb Code     0  startup_stm32f10x_hd.o(.text)
    TIM8_TRG_COM_IRQHandler                  0x0800015f   Thumb Code     0  startup_stm32f10x_hd.o(.text)
    TIM8_UP_IRQHandler                       0x0800015f   Thumb Code     0  startup_stm32f10x_hd.o(.text)
    UART4_IRQHandler                         0x0800015f   Thumb Code     0  startup_stm32f10x_hd.o(.text)
    UART5_IRQHandler                         0x0800015f   Thumb Code     0  startup_stm32f10x_hd.o(.text)
    USART1_IRQHandler                        0x0800015f   Thumb Code     0  startup_stm32f10x_hd.o(.text)
    USART2_IRQHandler                        0x0800015f   Thumb Code     0  startup_stm32f10x_hd.o(.text)
    USART3_IRQHandler                        0x0800015f   Thumb Code     0  startup_stm32f10x_hd.o(.text)
    USBWakeUp_IRQHandler                     0x0800015f   Thumb Code     0  startup_stm32f10x_hd.o(.text)
    USB_HP_CAN1_TX_IRQHandler                0x0800015f   Thumb Code     0  startup_stm32f10x_hd.o(.text)
    USB_LP_CAN1_RX0_IRQHandler               0x0800015f   Thumb Code     0  startup_stm32f10x_hd.o(.text)
    WWDG_IRQHandler                          0x0800015f   Thumb Code     0  startup_stm32f10x_hd.o(.text)
    __aeabi_memcpy                           0x08000169   Thumb Code    36  memcpya.o(.text)
    __aeabi_memcpy4                          0x08000169   Thumb Code     0  memcpya.o(.text)
    __aeabi_memcpy8                          0x08000169   Thumb Code     0  memcpya.o(.text)
    __aeabi_uldivmod                         0x0800018d   Thumb Code    98  uldiv.o(.text)
    __scatterload                            0x080001f1   Thumb Code    28  init.o(.text)
    __scatterload_rt2                        0x080001f1   Thumb Code     0  init.o(.text)
    __aeabi_llsl                             0x08000215   Thumb Code    30  llshl.o(.text)
    _ll_shift_l                              0x08000215   Thumb Code     0  llshl.o(.text)
    __aeabi_llsr                             0x08000233   Thumb Code    32  llushr.o(.text)
    _ll_ushift_r                             0x08000233   Thumb Code     0  llushr.o(.text)
    BusFault_Handler                         0x08000253   Thumb Code     4  stm32f10x_it.o(i.BusFault_Handler)
    DMA_ClearFlag                            0x08000419   Thumb Code    18  stm32f10x_dma.o(i.DMA_ClearFlag)
    DMA_Cmd                                  0x08000435   Thumb Code    24  stm32f10x_dma.o(i.DMA_Cmd)
    DMA_GetFlagStatus                        0x0800044d   Thumb Code    36  stm32f10x_dma.o(i.DMA_GetFlagStatus)
    DMA_Init                                 0x08000479   Thumb Code    60  stm32f10x_dma.o(i.DMA_Init)
    DebugMon_Handler                         0x080004b5   Thumb Code     2  stm32f10x_it.o(i.DebugMon_Handler)
    FSMC_NORSRAMCmd                          0x080004b9   Thumb Code    46  stm32f10x_fsmc.o(i.FSMC_NORSRAMCmd)
    FSMC_NORSRAMInit                         0x080004ed   Thumb Code   230  stm32f10x_fsmc.o(i.FSMC_NORSRAMInit)
    GPIO_Init                                0x080007c1   Thumb Code   278  stm32f10x_gpio.o(i.GPIO_Init)
    GPIO_ResetBits                           0x080008d7   Thumb Code     4  stm32f10x_gpio.o(i.GPIO_ResetBits)
    GPIO_SetBits                             0x080008db   Thumb Code     4  stm32f10x_gpio.o(i.GPIO_SetBits)
    HardFault_Handler                        0x080008df   Thumb Code     4  stm32f10x_it.o(i.HardFault_Handler)
    ILI9341_BackLed_Control                  0x080008e5   Thumb Code    30  bsp_ili9341_lcd.o(i.ILI9341_BackLed_Control)
    ILI9341_Clear                            0x08000909   Thumb Code    40  bsp_ili9341_lcd.o(i.ILI9341_Clear)
    ILI9341_GramScan                         0x08000b5d   Thumb Code   172  bsp_ili9341_lcd.o(i.ILI9341_GramScan)
    ILI9341_Init                             0x08000c15   Thumb Code    34  bsp_ili9341_lcd.o(i.ILI9341_Init)
    ILI9341_OpenWindow                       0x08000c3d   Thumb Code    96  bsp_ili9341_lcd.o(i.ILI9341_OpenWindow)
    ILI9341_Rst                              0x08000ecd   Thumb Code    36  bsp_ili9341_lcd.o(i.ILI9341_Rst)
    ILI9341_Write_Cmd                        0x08000ef5   Thumb Code     8  bsp_ili9341_lcd.o(i.ILI9341_Write_Cmd)
    ILI9341_Write_Data                       0x08000efd   Thumb Code     6  bsp_ili9341_lcd.o(i.ILI9341_Write_Data)
    LCD_SetColors                            0x08000f09   Thumb Code    10  bsp_ili9341_lcd.o(i.LCD_SetColors)
    LCD_SetFont                              0x08000f1d   Thumb Code     6  bsp_ili9341_lcd.o(i.LCD_SetFont)
    LED_GPIO_Config                          0x08000f29   Thumb Code    90  bsp_led.o(i.LED_GPIO_Config)
    MemManage_Handler                        0x08000f89   Thumb Code     4  stm32f10x_it.o(i.MemManage_Handler)
    NMI_Handler                              0x08000f8d   Thumb Code     2  stm32f10x_it.o(i.NMI_Handler)
    NVIC_Init                                0x08000fb9   Thumb Code   100  misc.o(i.NVIC_Init)
    NVIC_PriorityGroupConfig                 0x08001029   Thumb Code    10  misc.o(i.NVIC_PriorityGroupConfig)
    PendSV_Handler                           0x0800103d   Thumb Code     2  stm32f10x_it.o(i.PendSV_Handler)
    RCC_AHBPeriphClockCmd                    0x08001041   Thumb Code    26  stm32f10x_rcc.o(i.RCC_AHBPeriphClockCmd)
    RCC_APB2PeriphClockCmd                   0x08001061   Thumb Code    26  stm32f10x_rcc.o(i.RCC_APB2PeriphClockCmd)
    RCC_GetClocksFreq                        0x08001081   Thumb Code   192  stm32f10x_rcc.o(i.RCC_GetClocksFreq)
    SDIO_ClearFlag                           0x08001271   Thumb Code     6  stm32f10x_sdio.o(i.SDIO_ClearFlag)
    SDIO_ClearITPendingBit                   0x0800127d   Thumb Code     6  stm32f10x_sdio.o(i.SDIO_ClearITPendingBit)
    SDIO_ClockCmd                            0x08001289   Thumb Code     6  stm32f10x_sdio.o(i.SDIO_ClockCmd)
    SDIO_DMACmd                              0x08001295   Thumb Code     6  stm32f10x_sdio.o(i.SDIO_DMACmd)
    SDIO_DataConfig                          0x080012a1   Thumb Code    42  stm32f10x_sdio.o(i.SDIO_DataConfig)
    SDIO_DeInit                              0x080012d1   Thumb Code    28  stm32f10x_sdio.o(i.SDIO_DeInit)
    SDIO_GetCommandResponse                  0x080012f5   Thumb Code     8  stm32f10x_sdio.o(i.SDIO_GetCommandResponse)
    SDIO_GetFlagStatus                       0x08001301   Thumb Code    20  stm32f10x_sdio.o(i.SDIO_GetFlagStatus)
    SDIO_GetPowerState                       0x08001319   Thumb Code    10  stm32f10x_sdio.o(i.SDIO_GetPowerState)
    SDIO_GetResponse                         0x08001329   Thumb Code    20  stm32f10x_sdio.o(i.SDIO_GetResponse)
    SDIO_IRQHandler                          0x08001341   Thumb Code     8  stm32f10x_it.o(i.SDIO_IRQHandler)
    SDIO_ITConfig                            0x08001349   Thumb Code    26  stm32f10x_sdio.o(i.SDIO_ITConfig)
    SDIO_Init                                0x08001369   Thumb Code    42  stm32f10x_sdio.o(i.SDIO_Init)
    SDIO_ReadData                            0x08001399   Thumb Code     6  stm32f10x_sdio.o(i.SDIO_ReadData)
    SDIO_SendCommand                         0x080013a5   Thumb Code    38  stm32f10x_sdio.o(i.SDIO_SendCommand)
    SDIO_SetPowerState                       0x080013d1   Thumb Code    22  stm32f10x_sdio.o(i.SDIO_SetPowerState)
    SD_EnableWideBusOperation                0x080014c5   Thumb Code   140  bsp_sdio_sdcard.o(i.SD_EnableWideBusOperation)
    SD_GetCardInfo                           0x08001559   Thumb Code   700  bsp_sdio_sdcard.o(i.SD_GetCardInfo)
    SD_GetState                              0x08001825   Thumb Code    26  bsp_sdio_sdcard.o(i.SD_GetState)
    SD_GetStatus                             0x0800183f   Thumb Code    30  bsp_sdio_sdcard.o(i.SD_GetStatus)
    SD_Init                                  0x0800185d   Thumb Code   106  bsp_sdio_sdcard.o(i.SD_Init)
    SD_InitializeCards                       0x080018d1   Thumb Code   294  bsp_sdio_sdcard.o(i.SD_InitializeCards)
    SD_PowerON                               0x08001a0d   Thumb Code   374  bsp_sdio_sdcard.o(i.SD_PowerON)
    SD_ProcessIRQSrc                         0x08001b95   Thumb Code    70  bsp_sdio_sdcard.o(i.SD_ProcessIRQSrc)
    SD_ReadMultiBlocks                       0x08001bed   Thumb Code   202  bsp_sdio_sdcard.o(i.SD_ReadMultiBlocks)
    SD_SelectDeselect                        0x08001cd5   Thumb Code    48  bsp_sdio_sdcard.o(i.SD_SelectDeselect)
    SD_SendStatus                            0x08001d09   Thumb Code    46  bsp_sdio_sdcard.o(i.SD_SendStatus)
    SD_WaitReadOperation                     0x08001d41   Thumb Code    42  bsp_sdio_sdcard.o(i.SD_WaitReadOperation)
    SD_WaitWriteOperation                    0x08001d75   Thumb Code    50  bsp_sdio_sdcard.o(i.SD_WaitWriteOperation)
    SD_WriteMultiBlocks                      0x08001db1   Thumb Code   294  bsp_sdio_sdcard.o(i.SD_WriteMultiBlocks)
    SVC_Handler                              0x08001ef9   Thumb Code     2  stm32f10x_it.o(i.SVC_Handler)
    SysTick_Handler                          0x08001fe5   Thumb Code     2  stm32f10x_it.o(i.SysTick_Handler)
    SystemInit                               0x08001fe9   Thumb Code    78  system_stm32f10x.o(i.SystemInit)
    USART_Cmd                                0x08002049   Thumb Code    24  stm32f10x_usart.o(i.USART_Cmd)
    USART_Config                             0x08002061   Thumb Code   120  bsp_usart.o(i.USART_Config)
    USART_GetFlagStatus                      0x080020e1   Thumb Code    26  stm32f10x_usart.o(i.USART_GetFlagStatus)
    USART_Init                               0x080020fd   Thumb Code   210  stm32f10x_usart.o(i.USART_Init)
    USART_SendData                           0x080021d5   Thumb Code     8  stm32f10x_usart.o(i.USART_SendData)
    UsageFault_Handler                       0x080021dd   Thumb Code     4  stm32f10x_it.o(i.UsageFault_Handler)
    __0printf$4                              0x080021e1   Thumb Code    22  printf4.o(i.__0printf$4)
    __1printf$4                              0x080021e1   Thumb Code     0  printf4.o(i.__0printf$4)
    __2printf                                0x080021e1   Thumb Code     0  printf4.o(i.__0printf$4)
    __scatterload_copy                       0x08002201   Thumb Code    14  handlers.o(i.__scatterload_copy)
    __scatterload_null                       0x0800220f   Thumb Code     2  handlers.o(i.__scatterload_null)
    __scatterload_zeroinit                   0x08002211   Thumb Code    14  handlers.o(i.__scatterload_zeroinit)
    clust2sect                               0x08002849   Thumb Code    26  ff.o(i.clust2sect)
    delay_us                                 0x08002db5   Thumb Code    26  main.o(i.delay_us)
    disk_initialize                          0x08003241   Thumb Code    42  diskio.o(i.disk_initialize)
    disk_ioctl                               0x0800326d   Thumb Code    78  diskio.o(i.disk_ioctl)
    disk_read                                0x080032c1   Thumb Code   174  diskio.o(i.disk_read)
    disk_status                              0x0800336f   Thumb Code    28  diskio.o(i.disk_status)
    disk_write                               0x0800338b   Thumb Code   180  diskio.o(i.disk_write)
    f_close                                  0x0800343f   Thumb Code    32  ff.o(i.f_close)
    f_lseek                                  0x0800345f   Thumb Code   410  ff.o(i.f_lseek)
    f_mount                                  0x080035f9   Thumb Code    86  ff.o(i.f_mount)
    f_open                                   0x08003655   Thumb Code   382  ff.o(i.f_open)
    f_read                                   0x080037d3   Thumb Code   464  ff.o(i.f_read)
    f_sync                                   0x080039a3   Thumb Code   176  ff.o(i.f_sync)
    ff_convert                               0x08003a55   Thumb Code    70  ccsbcs.o(i.ff_convert)
    ff_wtoupper                              0x08003aa1   Thumb Code    84  ccsbcs.o(i.ff_wtoupper)
    fputc                                    0x08003fe5   Thumb Code    32  bsp_usart.o(i.fputc)
    free                                     0x08004009   Thumb Code    76  malloc.o(i.free)
    get_fat                                  0x0800410d   Thumb Code   318  ff.o(i.get_fat)
    get_fattime                              0x0800424d   Thumb Code     4  diskio.o(i.get_fattime)
    in_func                                  0x0800435f   Thumb Code    66  jpgport.o(i.in_func)
    jd_decomp                                0x080043a1   Thumb Code   162  tjpgd.o(i.jd_decomp)
    jd_prepare                               0x08004443   Thumb Code   924  tjpgd.o(i.jd_prepare)
    jpgDisplay                               0x080047e1   Thumb Code   164  jpgport.o(i.jpgDisplay)
    main                                     0x0800491d   Thumb Code   250  main.o(i.main)
    malloc                                   0x08004b55   Thumb Code    92  malloc.o(i.malloc)
    out_func                                 0x080051c1   Thumb Code   142  jpgport.o(i.out_func)
    put_fat                                  0x08005259   Thumb Code   392  ff.o(i.put_fat)
    ASCII8x16_Table                          0x08005638   Data        1520  fonts.o(.constdata)
    ASCII16x24_Table                         0x08005c28   Data        4560  fonts.o(.constdata)
    ASCII24x32_Table                         0x08006df8   Data        9120  fonts.o(.constdata)
    Region$$Table$$Base                      0x08009fcc   Number         0  anon$$obj.o(Region$$Table)
    Region$$Table$$Limit                     0x08009fec   Number         0  anon$$obj.o(Region$$Table)
    res_sd                                   0x20000014   Data           1  main.o(.data)
    LCD_X_LENGTH                             0x20000018   Data           2  bsp_ili9341_lcd.o(.data)
    LCD_Y_LENGTH                             0x2000001a   Data           2  bsp_ili9341_lcd.o(.data)
    LCD_SCAN_MODE                            0x2000001c   Data           1  bsp_ili9341_lcd.o(.data)
    Font8x16                                 0x20000028   Data           8  fonts.o(.data)
    Font16x24                                0x20000030   Data           8  fonts.o(.data)
    Font24x32                                0x20000038   Data           8  fonts.o(.data)
    StopCondition                            0x20000048   Data           4  bsp_sdio_sdcard.o(.data)
    TransferError                            0x2000004c   Data           1  bsp_sdio_sdcard.o(.data)
    TransferEnd                              0x20000050   Data           4  bsp_sdio_sdcard.o(.data)
    __stdout                                 0x20000060   Data           4  stdout.o(.data)
    __microlib_freelist                      0x20000064   Data           4  mvars.o(.data)
    __microlib_freelist_initialised          0x20000068   Data           4  mvars.o(.data)
    fs                                       0x2000006c   Data        4144  main.o(.bss)
    SDCardInfo                               0x200010cc   Data          80  bsp_sdio_sdcard.o(.bss)
    SDIO_InitStructure                       0x2000111c   Data          24  bsp_sdio_sdcard.o(.bss)
    SDIO_CmdInitStructure                    0x20001134   Data          20  bsp_sdio_sdcard.o(.bss)
    SDIO_DataInitStructure                   0x20001148   Data          24  bsp_sdio_sdcard.o(.bss)
    __heap_base                              0x20001160   Data           0  startup_stm32f10x_hd.o(HEAP)
    __heap_limit                             0x20003160   Data           0  startup_stm32f10x_hd.o(HEAP)
    __initial_sp                             0x20005160   Data           0  startup_stm32f10x_hd.o(STACK)



==============================================================================

Memory Map of the image

  Image Entry point : 0x08000131

  Load Region LR_IROM1 (Base: 0x08000000, Size: 0x0000a058, Max: 0x00080000, ABSOLUTE)

    Execution Region ER_IROM1 (Exec base: 0x08000000, Load base: 0x08000000, Size: 0x00009fec, Max: 0x00080000, ABSOLUTE)

    Exec Addr    Load Addr    Size         Type   Attr      Idx    E Section Name        Object

    0x08000000   0x08000000   0x00000130   Data   RO            3    RESET               startup_stm32f10x_hd.o
    0x08000130   0x08000130   0x00000000   Code   RO         4234  * .ARM.Collect$$$$00000000  mc_w.l(entry.o)
    0x08000130   0x08000130   0x00000004   Code   RO         4536    .ARM.Collect$$$$00000001  mc_w.l(entry2.o)
    0x08000134   0x08000134   0x00000004   Code   RO         4539    .ARM.Collect$$$$00000004  mc_w.l(entry5.o)
    0x08000138   0x08000138   0x00000000   Code   RO         4541    .ARM.Collect$$$$00000008  mc_w.l(entry7b.o)
    0x08000138   0x08000138   0x00000000   Code   RO         4543    .ARM.Collect$$$$0000000A  mc_w.l(entry8b.o)
    0x08000138   0x08000138   0x00000008   Code   RO         4544    .ARM.Collect$$$$0000000B  mc_w.l(entry9a.o)
    0x08000140   0x08000140   0x00000000   Code   RO         4546    .ARM.Collect$$$$0000000D  mc_w.l(entry10a.o)
    0x08000140   0x08000140   0x00000000   Code   RO         4548    .ARM.Collect$$$$0000000F  mc_w.l(entry11a.o)
    0x08000140   0x08000140   0x00000004   Code   RO         4537    .ARM.Collect$$$$00002712  mc_w.l(entry2.o)
    0x08000144   0x08000144   0x00000024   Code   RO            4    .text               startup_stm32f10x_hd.o
    0x08000168   0x08000168   0x00000024   Code   RO         4237    .text               mc_w.l(memcpya.o)
    0x0800018c   0x0800018c   0x00000062   Code   RO         4553    .text               mc_w.l(uldiv.o)
    0x080001ee   0x080001ee   0x00000002   PAD
    0x080001f0   0x080001f0   0x00000024   Code   RO         4568    .text               mc_w.l(init.o)
    0x08000214   0x08000214   0x0000001e   Code   RO         4570    .text               mc_w.l(llshl.o)
    0x08000232   0x08000232   0x00000020   Code   RO         4572    .text               mc_w.l(llushr.o)
    0x08000252   0x08000252   0x00000004   Code   RO         3169    i.BusFault_Handler  stm32f10x_it.o
    0x08000256   0x08000256   0x0000002c   Code   RO         3481    i.CmdError          bsp_sdio_sdcard.o
    0x08000282   0x08000282   0x00000002   PAD
    0x08000284   0x08000284   0x00000028   Code   RO         3482    i.CmdResp1Error     bsp_sdio_sdcard.o
    0x080002ac   0x080002ac   0x0000004c   Code   RO         3483    i.CmdResp2Error     bsp_sdio_sdcard.o
    0x080002f8   0x080002f8   0x00000038   Code   RO         3484    i.CmdResp3Error     bsp_sdio_sdcard.o
    0x08000330   0x08000330   0x0000009c   Code   RO         3485    i.CmdResp6Error     bsp_sdio_sdcard.o
    0x080003cc   0x080003cc   0x0000004c   Code   RO         3486    i.CmdResp7Error     bsp_sdio_sdcard.o
    0x08000418   0x08000418   0x0000001c   Code   RO          866    i.DMA_ClearFlag     stm32f10x_dma.o
    0x08000434   0x08000434   0x00000018   Code   RO          868    i.DMA_Cmd           stm32f10x_dma.o
    0x0800044c   0x0800044c   0x0000002c   Code   RO          871    i.DMA_GetFlagStatus  stm32f10x_dma.o
    0x08000478   0x08000478   0x0000003c   Code   RO          874    i.DMA_Init          stm32f10x_dma.o
    0x080004b4   0x080004b4   0x00000002   Code   RO         3170    i.DebugMon_Handler  stm32f10x_it.o
    0x080004b6   0x080004b6   0x00000002   PAD
    0x080004b8   0x080004b8   0x00000034   Code   RO         1177    i.FSMC_NORSRAMCmd   stm32f10x_fsmc.o
    0x080004ec   0x080004ec   0x000000e6   Code   RO         1179    i.FSMC_NORSRAMInit  stm32f10x_fsmc.o
    0x080005d2   0x080005d2   0x00000002   PAD
    0x080005d4   0x080005d4   0x0000019c   Code   RO         3487    i.FindSCR           bsp_sdio_sdcard.o
    0x08000770   0x08000770   0x00000050   Code   RO         3488    i.GPIO_Configuration  bsp_sdio_sdcard.o
    0x080007c0   0x080007c0   0x00000116   Code   RO         1292    i.GPIO_Init         stm32f10x_gpio.o
    0x080008d6   0x080008d6   0x00000004   Code   RO         1299    i.GPIO_ResetBits    stm32f10x_gpio.o
    0x080008da   0x080008da   0x00000004   Code   RO         1300    i.GPIO_SetBits      stm32f10x_gpio.o
    0x080008de   0x080008de   0x00000004   Code   RO         3171    i.HardFault_Handler  stm32f10x_it.o
    0x080008e2   0x080008e2   0x00000002   PAD
    0x080008e4   0x080008e4   0x00000024   Code   RO         3241    i.ILI9341_BackLed_Control  bsp_ili9341_lcd.o
    0x08000908   0x08000908   0x0000002c   Code   RO         3242    i.ILI9341_Clear     bsp_ili9341_lcd.o
    0x08000934   0x08000934   0x00000012   Code   RO         3243    i.ILI9341_Delay     bsp_ili9341_lcd.o
    0x08000946   0x08000946   0x0000005e   Code   RO         3251    i.ILI9341_FSMC_Config  bsp_ili9341_lcd.o
    0x080009a4   0x080009a4   0x00000020   Code   RO         3252    i.ILI9341_FillColor  bsp_ili9341_lcd.o
    0x080009c4   0x080009c4   0x00000198   Code   RO         3253    i.ILI9341_GPIO_Config  bsp_ili9341_lcd.o
    0x08000b5c   0x08000b5c   0x000000b8   Code   RO         3255    i.ILI9341_GramScan  bsp_ili9341_lcd.o
    0x08000c14   0x08000c14   0x00000028   Code   RO         3256    i.ILI9341_Init      bsp_ili9341_lcd.o
    0x08000c3c   0x08000c3c   0x00000060   Code   RO         3257    i.ILI9341_OpenWindow  bsp_ili9341_lcd.o
    0x08000c9c   0x08000c9c   0x00000230   Code   RO         3258    i.ILI9341_REG_Config  bsp_ili9341_lcd.o
    0x08000ecc   0x08000ecc   0x00000028   Code   RO         3260    i.ILI9341_Rst       bsp_ili9341_lcd.o
    0x08000ef4   0x08000ef4   0x00000008   Code   RO         3414    i.ILI9341_Write_Cmd  bsp_ili9341_lcd.o
    0x08000efc   0x08000efc   0x0000000c   Code   RO         3419    i.ILI9341_Write_Data  bsp_ili9341_lcd.o
    0x08000f08   0x08000f08   0x00000014   Code   RO         3267    i.LCD_SetColors     bsp_ili9341_lcd.o
    0x08000f1c   0x08000f1c   0x0000000c   Code   RO         3268    i.LCD_SetFont       bsp_ili9341_lcd.o
    0x08000f28   0x08000f28   0x00000060   Code   RO         3705    i.LED_GPIO_Config   bsp_led.o
    0x08000f88   0x08000f88   0x00000004   Code   RO         3172    i.MemManage_Handler  stm32f10x_it.o
    0x08000f8c   0x08000f8c   0x00000002   Code   RO         3173    i.NMI_Handler       stm32f10x_it.o
    0x08000f8e   0x08000f8e   0x00000028   Code   RO         3490    i.NVIC_Configuration  bsp_sdio_sdcard.o
    0x08000fb6   0x08000fb6   0x00000002   PAD
    0x08000fb8   0x08000fb8   0x00000070   Code   RO          137    i.NVIC_Init         misc.o
    0x08001028   0x08001028   0x00000014   Code   RO          138    i.NVIC_PriorityGroupConfig  misc.o
    0x0800103c   0x0800103c   0x00000002   Code   RO         3174    i.PendSV_Handler    stm32f10x_it.o
    0x0800103e   0x0800103e   0x00000002   PAD
    0x08001040   0x08001040   0x00000020   Code   RO         1707    i.RCC_AHBPeriphClockCmd  stm32f10x_rcc.o
    0x08001060   0x08001060   0x00000020   Code   RO         1710    i.RCC_APB2PeriphClockCmd  stm32f10x_rcc.o
    0x08001080   0x08001080   0x000000d4   Code   RO         1718    i.RCC_GetClocksFreq  stm32f10x_rcc.o
    0x08001154   0x08001154   0x0000011c   Code   RO         3491    i.SDEnWideBus       bsp_sdio_sdcard.o
    0x08001270   0x08001270   0x0000000c   Code   RO         1997    i.SDIO_ClearFlag    stm32f10x_sdio.o
    0x0800127c   0x0800127c   0x0000000c   Code   RO         1998    i.SDIO_ClearITPendingBit  stm32f10x_sdio.o
    0x08001288   0x08001288   0x0000000c   Code   RO         1999    i.SDIO_ClockCmd     stm32f10x_sdio.o
    0x08001294   0x08001294   0x0000000c   Code   RO         2002    i.SDIO_DMACmd       stm32f10x_sdio.o
    0x080012a0   0x080012a0   0x00000030   Code   RO         2003    i.SDIO_DataConfig   stm32f10x_sdio.o
    0x080012d0   0x080012d0   0x00000024   Code   RO         2005    i.SDIO_DeInit       stm32f10x_sdio.o
    0x080012f4   0x080012f4   0x0000000c   Code   RO         2006    i.SDIO_GetCommandResponse  stm32f10x_sdio.o
    0x08001300   0x08001300   0x00000018   Code   RO         2009    i.SDIO_GetFlagStatus  stm32f10x_sdio.o
    0x08001318   0x08001318   0x00000010   Code   RO         2011    i.SDIO_GetPowerState  stm32f10x_sdio.o
    0x08001328   0x08001328   0x00000018   Code   RO         2012    i.SDIO_GetResponse  stm32f10x_sdio.o
    0x08001340   0x08001340   0x00000008   Code   RO         3175    i.SDIO_IRQHandler   stm32f10x_it.o
    0x08001348   0x08001348   0x00000020   Code   RO         2013    i.SDIO_ITConfig     stm32f10x_sdio.o
    0x08001368   0x08001368   0x00000030   Code   RO         2014    i.SDIO_Init         stm32f10x_sdio.o
    0x08001398   0x08001398   0x0000000c   Code   RO         2015    i.SDIO_ReadData     stm32f10x_sdio.o
    0x080013a4   0x080013a4   0x0000002c   Code   RO         2017    i.SDIO_SendCommand  stm32f10x_sdio.o
    0x080013d0   0x080013d0   0x0000001c   Code   RO         2019    i.SDIO_SetPowerState  stm32f10x_sdio.o
    0x080013ec   0x080013ec   0x00000010   Code   RO         3492    i.SD_DMAEndOfTransferStatus  bsp_sdio_sdcard.o
    0x080013fc   0x080013fc   0x00000064   Code   RO         3493    i.SD_DMA_RxConfig   bsp_sdio_sdcard.o
    0x08001460   0x08001460   0x00000064   Code   RO         3494    i.SD_DMA_TxConfig   bsp_sdio_sdcard.o
    0x080014c4   0x080014c4   0x00000094   Code   RO         3496    i.SD_EnableWideBusOperation  bsp_sdio_sdcard.o
    0x08001558   0x08001558   0x000002cc   Code   RO         3498    i.SD_GetCardInfo    bsp_sdio_sdcard.o
    0x08001824   0x08001824   0x0000001a   Code   RO         3500    i.SD_GetState       bsp_sdio_sdcard.o
    0x0800183e   0x0800183e   0x0000001e   Code   RO         3501    i.SD_GetStatus      bsp_sdio_sdcard.o
    0x0800185c   0x0800185c   0x00000074   Code   RO         3503    i.SD_Init           bsp_sdio_sdcard.o
    0x080018d0   0x080018d0   0x0000013c   Code   RO         3504    i.SD_InitializeCards  bsp_sdio_sdcard.o
    0x08001a0c   0x08001a0c   0x00000188   Code   RO         3506    i.SD_PowerON        bsp_sdio_sdcard.o
    0x08001b94   0x08001b94   0x00000058   Code   RO         3507    i.SD_ProcessIRQSrc  bsp_sdio_sdcard.o
    0x08001bec   0x08001bec   0x000000e8   Code   RO         3509    i.SD_ReadMultiBlocks  bsp_sdio_sdcard.o
    0x08001cd4   0x08001cd4   0x00000034   Code   RO         3510    i.SD_SelectDeselect  bsp_sdio_sdcard.o
    0x08001d08   0x08001d08   0x00000038   Code   RO         3512    i.SD_SendStatus     bsp_sdio_sdcard.o
    0x08001d40   0x08001d40   0x00000034   Code   RO         3514    i.SD_WaitReadOperation  bsp_sdio_sdcard.o
    0x08001d74   0x08001d74   0x0000003c   Code   RO         3515    i.SD_WaitWriteOperation  bsp_sdio_sdcard.o
    0x08001db0   0x08001db0   0x00000148   Code   RO         3517    i.SD_WriteMultiBlocks  bsp_sdio_sdcard.o
    0x08001ef8   0x08001ef8   0x00000002   Code   RO         3176    i.SVC_Handler       stm32f10x_it.o
    0x08001efa   0x08001efa   0x00000008   Code   RO           24    i.SetSysClock       system_stm32f10x.o
    0x08001f02   0x08001f02   0x00000002   PAD
    0x08001f04   0x08001f04   0x000000e0   Code   RO           25    i.SetSysClockTo72   system_stm32f10x.o
    0x08001fe4   0x08001fe4   0x00000002   Code   RO         3177    i.SysTick_Handler   stm32f10x_it.o
    0x08001fe6   0x08001fe6   0x00000002   PAD
    0x08001fe8   0x08001fe8   0x00000060   Code   RO           27    i.SystemInit        system_stm32f10x.o
    0x08002048   0x08002048   0x00000018   Code   RO         2878    i.USART_Cmd         stm32f10x_usart.o
    0x08002060   0x08002060   0x00000080   Code   RO         3457    i.USART_Config      bsp_usart.o
    0x080020e0   0x080020e0   0x0000001a   Code   RO         2881    i.USART_GetFlagStatus  stm32f10x_usart.o
    0x080020fa   0x080020fa   0x00000002   PAD
    0x080020fc   0x080020fc   0x000000d8   Code   RO         2885    i.USART_Init        stm32f10x_usart.o
    0x080021d4   0x080021d4   0x00000008   Code   RO         2895    i.USART_SendData    stm32f10x_usart.o
    0x080021dc   0x080021dc   0x00000004   Code   RO         3178    i.UsageFault_Handler  stm32f10x_it.o
    0x080021e0   0x080021e0   0x00000020   Code   RO         4358    i.__0printf$4       mc_w.l(printf4.o)
    0x08002200   0x08002200   0x0000000e   Code   RO         4580    i.__scatterload_copy  mc_w.l(handlers.o)
    0x0800220e   0x0800220e   0x00000002   Code   RO         4581    i.__scatterload_null  mc_w.l(handlers.o)
    0x08002210   0x08002210   0x0000000e   Code   RO         4582    i.__scatterload_zeroinit  mc_w.l(handlers.o)
    0x0800221e   0x0800221e   0x00000002   PAD
    0x08002220   0x08002220   0x0000022c   Code   RO         4365    i._printf_core      mc_w.l(printf4.o)
    0x0800244c   0x0800244c   0x0000001e   Code   RO         4169    i.alloc_pool        tjpgd.o
    0x0800246a   0x0800246a   0x00000090   Code   RO         4170    i.bitext            tjpgd.o
    0x080024fa   0x080024fa   0x00000002   PAD
    0x080024fc   0x080024fc   0x000002a8   Code   RO         4171    i.block_idct        tjpgd.o
    0x080027a4   0x080027a4   0x00000090   Code   RO         3769    i.check_fs          ff.o
    0x08002834   0x08002834   0x00000014   Code   RO         3770    i.chk_chr           ff.o
    0x08002848   0x08002848   0x0000001a   Code   RO         3771    i.clust2sect        ff.o
    0x08002862   0x08002862   0x00000002   PAD
    0x08002864   0x08002864   0x000000a0   Code   RO         3772    i.cmp_lfn           ff.o
    0x08002904   0x08002904   0x000000d6   Code   RO         3773    i.create_chain      ff.o
    0x080029da   0x080029da   0x00000134   Code   RO         4172    i.create_huffman_tbl  tjpgd.o
    0x08002b0e   0x08002b0e   0x00000002   PAD
    0x08002b10   0x08002b10   0x00000230   Code   RO         3774    i.create_name       ff.o
    0x08002d40   0x08002d40   0x00000074   Code   RO         4173    i.create_qt_tbl     tjpgd.o
    0x08002db4   0x08002db4   0x0000001a   Code   RO         3108    i.delay_us          main.o
    0x08002dce   0x08002dce   0x0000005c   Code   RO         3775    i.dir_alloc         ff.o
    0x08002e2a   0x08002e2a   0x000000ea   Code   RO         3776    i.dir_find          ff.o
    0x08002f14   0x08002f14   0x0000013a   Code   RO         3777    i.dir_next          ff.o
    0x0800304e   0x0800304e   0x0000012a   Code   RO         3779    i.dir_register      ff.o
    0x08003178   0x08003178   0x000000c8   Code   RO         3781    i.dir_sdi           ff.o
    0x08003240   0x08003240   0x0000002a   Code   RO         3717    i.disk_initialize   diskio.o
    0x0800326a   0x0800326a   0x00000002   PAD
    0x0800326c   0x0800326c   0x00000054   Code   RO         3718    i.disk_ioctl        diskio.o
    0x080032c0   0x080032c0   0x000000ae   Code   RO         3719    i.disk_read         diskio.o
    0x0800336e   0x0800336e   0x0000001c   Code   RO         3720    i.disk_status       diskio.o
    0x0800338a   0x0800338a   0x000000b4   Code   RO         3721    i.disk_write        diskio.o
    0x0800343e   0x0800343e   0x00000020   Code   RO         3783    i.f_close           ff.o
    0x0800345e   0x0800345e   0x0000019a   Code   RO         3787    i.f_lseek           ff.o
    0x080035f8   0x080035f8   0x0000005c   Code   RO         3790    i.f_mount           ff.o
    0x08003654   0x08003654   0x0000017e   Code   RO         3791    i.f_open            ff.o
    0x080037d2   0x080037d2   0x000001d0   Code   RO         3796    i.f_read            ff.o
    0x080039a2   0x080039a2   0x000000b0   Code   RO         3800    i.f_sync            ff.o
    0x08003a52   0x08003a52   0x00000002   PAD
    0x08003a54   0x08003a54   0x0000004c   Code   RO         4098    i.ff_convert        ccsbcs.o
    0x08003aa0   0x08003aa0   0x0000005c   Code   RO         4099    i.ff_wtoupper       ccsbcs.o
    0x08003afc   0x08003afc   0x000003d8   Code   RO         3805    i.find_volume       ff.o
    0x08003ed4   0x08003ed4   0x00000080   Code   RO         3806    i.fit_lfn           ff.o
    0x08003f54   0x08003f54   0x00000090   Code   RO         3807    i.follow_path       ff.o
    0x08003fe4   0x08003fe4   0x00000024   Code   RO         3459    i.fputc             bsp_usart.o
    0x08004008   0x08004008   0x00000050   Code   RO         4508    i.free              mc_w.l(malloc.o)
    0x08004058   0x08004058   0x000000b4   Code   RO         3808    i.gen_numname       ff.o
    0x0800410c   0x0800410c   0x0000013e   Code   RO         3809    i.get_fat           ff.o
    0x0800424a   0x0800424a   0x00000002   PAD
    0x0800424c   0x0800424c   0x00000008   Code   RO         3722    i.get_fattime       diskio.o
    0x08004254   0x08004254   0x0000004a   Code   RO         3811    i.get_ldnumber      ff.o
    0x0800429e   0x0800429e   0x000000c0   Code   RO         4174    i.huffext           tjpgd.o
    0x0800435e   0x0800435e   0x00000042   Code   RO         4133    i.in_func           jpgport.o
    0x080043a0   0x080043a0   0x000000a2   Code   RO         4175    i.jd_decomp         tjpgd.o
    0x08004442   0x08004442   0x0000039c   Code   RO         4176    i.jd_prepare        tjpgd.o
    0x080047de   0x080047de   0x00000002   PAD
    0x080047e0   0x080047e0   0x0000011c   Code   RO         4134    i.jpgDisplay        jpgport.o
    0x080048fc   0x080048fc   0x00000020   Code   RO         3812    i.ld_clust          ff.o
    0x0800491c   0x0800491c   0x00000238   Code   RO         3110    i.main              main.o
    0x08004b54   0x08004b54   0x0000006c   Code   RO         4509    i.malloc            mc_w.l(malloc.o)
    0x08004bc0   0x08004bc0   0x000001e0   Code   RO         4177    i.mcu_load          tjpgd.o
    0x08004da0   0x08004da0   0x00000398   Code   RO         4178    i.mcu_output        tjpgd.o
    0x08005138   0x08005138   0x00000026   Code   RO         3813    i.mem_cmp           ff.o
    0x0800515e   0x0800515e   0x0000001a   Code   RO         3814    i.mem_cpy           ff.o
    0x08005178   0x08005178   0x00000014   Code   RO         3815    i.mem_set           ff.o
    0x0800518c   0x0800518c   0x00000034   Code   RO         3816    i.move_window       ff.o
    0x080051c0   0x080051c0   0x00000098   Code   RO         4135    i.out_func          jpgport.o
    0x08005258   0x08005258   0x00000188   Code   RO         3818    i.put_fat           ff.o
    0x080053e0   0x080053e0   0x0000006c   Code   RO         3820    i.remove_chain      ff.o
    0x0800544c   0x0800544c   0x00000070   Code   RO         4179    i.restart           tjpgd.o
    0x080054bc   0x080054bc   0x00000010   Code   RO         3821    i.st_clust          ff.o
    0x080054cc   0x080054cc   0x00000020   Code   RO         3822    i.sum_sfn           ff.o
    0x080054ec   0x080054ec   0x000000c8   Code   RO         3823    i.sync_fs           ff.o
    0x080055b4   0x080055b4   0x00000052   Code   RO         3824    i.sync_window       ff.o
    0x08005606   0x08005606   0x00000032   Code   RO         3825    i.validate          ff.o
    0x08005638   0x08005638   0x00003b60   Data   RO         3444    .constdata          fonts.o
    0x08009198   0x08009198   0x000000ba   Data   RO         3826    .constdata          ff.o
    0x08009252   0x08009252   0x000008b8   Data   RO         4100    .constdata          ccsbcs.o
    0x08009b0a   0x08009b0a   0x000004c0   Data   RO         4180    .constdata          tjpgd.o
    0x08009fca   0x08009fca   0x00000002   PAD
    0x08009fcc   0x08009fcc   0x00000020   Data   RO         4578    Region$$Table       anon$$obj.o


    Execution Region RW_IRAM1 (Exec base: 0x20000000, Load base: 0x08009fec, Size: 0x00005160, Max: 0x00010000, ABSOLUTE)

    Exec Addr    Load Addr    Size         Type   Attr      Idx    E Section Name        Object

    0x20000000   0x08009fec   0x00000014   Data   RW         1738    .data               stm32f10x_rcc.o
    0x20000014   0x0800a000   0x00000001   Data   RW         3112    .data               main.o
    0x20000015   0x0800a001   0x00000003   PAD
    0x20000018   0x0800a004   0x00000010   Data   RW         3270    .data               bsp_ili9341_lcd.o
    0x20000028   0x0800a014   0x00000018   Data   RW         3445    .data               fonts.o
    0x20000040   0x0800a02c   0x00000014   Data   RW         3520    .data               bsp_sdio_sdcard.o
    0x20000054   0x0800a040   0x0000000a   Data   RW         3827    .data               ff.o
    0x2000005e   0x0800a04a   0x00000002   PAD
    0x20000060   0x0800a04c   0x00000004   Data   RW         4550    .data               mc_w.l(stdout.o)
    0x20000064   0x0800a050   0x00000004   Data   RW         4555    .data               mc_w.l(mvars.o)
    0x20000068   0x0800a054   0x00000004   Data   RW         4556    .data               mc_w.l(mvars.o)
    0x2000006c        -       0x00001030   Zero   RW         3111    .bss                main.o
    0x2000109c        -       0x000000c4   Zero   RW         3519    .bss                bsp_sdio_sdcard.o
    0x20001160        -       0x00002000   Zero   RW            2    HEAP                startup_stm32f10x_hd.o
    0x20003160        -       0x00002000   Zero   RW            1    STACK               startup_stm32f10x_hd.o


==============================================================================

Image component sizes


      Code (inc. data)   RO Data    RW Data    ZI Data      Debug   Object Name

      1604         68          0         16          0      10500   bsp_ili9341_lcd.o
        96          6          0          0          0        558   bsp_led.o
      4092        284          0         20        196      22724   bsp_sdio_sdcard.o
       164         12          0          0          0       1235   bsp_usart.o
       168         14       2232          0          0       2547   ccsbcs.o
         0          0          0          0          0       4516   core_cm3.o
       516         10          0          0          0       6405   diskio.o
      6694         70        186         10          0      37407   ff.o
         0          0      15200         24          0       1389   fonts.o
       502        130          0          0          0       7282   jpgport.o
       594        328          0          1       4144       6429   main.o
       132         22          0          0          0       1627   misc.o
        36          8        304          0      16384        884   startup_stm32f10x_hd.o
       156         18          0          0          0       4061   stm32f10x_dma.o
       282          6          0          0          0       1905   stm32f10x_fsmc.o
       286          0          0          0          0       3156   stm32f10x_gpio.o
        34          0          0          0          0      10572   stm32f10x_it.o
       276         32          0         20          0       4585   stm32f10x_rcc.o
       372         86          0          0          0      10163   stm32f10x_sdio.o
       274          6          0          0          0       4172   stm32f10x_usart.o
       328         28          0          0          0     257421   system_stm32f10x.o
      4068         50       1216          0          0      14669   tjpgd.o

    ----------------------------------------------------------------------
     20706       1178      19172         96      20724     414207   Object Totals
         0          0         32          0          0          0   (incl. Generated)
        32          0          2          5          0          0   (incl. Padding)

    ----------------------------------------------------------------------

      Code (inc. data)   RO Data    RW Data    ZI Data      Debug   Library Member Name

         0          0          0          0          0          0   entry.o
         0          0          0          0          0          0   entry10a.o
         0          0          0          0          0          0   entry11a.o
         8          4          0          0          0          0   entry2.o
         4          0          0          0          0          0   entry5.o
         0          0          0          0          0          0   entry7b.o
         0          0          0          0          0          0   entry8b.o
         8          4          0          0          0          0   entry9a.o
        30          0          0          0          0          0   handlers.o
        36          8          0          0          0         68   init.o
        30          0          0          0          0         68   llshl.o
        32          0          0          0          0         68   llushr.o
       188         20          0          0          0        160   malloc.o
        36          0          0          0          0         68   memcpya.o
         0          0          0          8          0          0   mvars.o
       588         14          0          0          0        184   printf4.o
         0          0          0          4          0          0   stdout.o
        98          0          0          0          0         92   uldiv.o

    ----------------------------------------------------------------------
      1062         50          0         12          0        708   Library Totals
         4          0          0          0          0          0   (incl. Padding)

    ----------------------------------------------------------------------

      Code (inc. data)   RO Data    RW Data    ZI Data      Debug   Library Name

      1058         50          0         12          0        708   mc_w.l

    ----------------------------------------------------------------------
      1062         50          0         12          0        708   Library Totals

    ----------------------------------------------------------------------

==============================================================================


      Code (inc. data)   RO Data    RW Data    ZI Data      Debug   

     21768       1228      19172        108      20724     407215   Grand Totals
     21768       1228      19172        108      20724     407215   ELF Image Totals
     21768       1228      19172        108          0          0   ROM Totals

==============================================================================

    Total RO  Size (Code + RO Data)                40940 (  39.98kB)
    Total RW  Size (RW Data + ZI Data)             20832 (  20.34kB)
    Total ROM Size (Code + RO Data + RW Data)      41048 (  40.09kB)

==============================================================================

