<html>
<body>
<pre>
<h1>µVision Build Log</h1>
<h2>Tool Versions:</h2>
IDE-Version: ¶ÃVision V5.25.2.0
Copyright (C) 2018 ARM Ltd and ARM Germany GmbH. All rights reserved.
License Information: 59682,  , LIC=ATTNN-YL1JY-DX9U3-ADH5D-3RT72-EFXLW
 
Tool Versions:
Toolchain:       MDK-ARM Plus  Version: 5.25.2.0
Toolchain Path:  D:\stm32\keil5\ARM\ARMCC\Bin
C Compiler:      Armcc.exe V5.06 update 6 (build 750)
Assembler:       Armasm.exe V5.06 update 6 (build 750)
Linker/Locator:  ArmLink.exe V5.06 update 6 (build 750)
Library Manager: ArmAr.exe V5.06 update 6 (build 750)
Hex Converter:   FromElf.exe V5.06 update 6 (build 750)
CPU DLL:         SARMCM3.DLL V5.25.2.0
Dialog DLL:      DCM.DLL V1.17.1.0
Target DLL:      CMSIS_AGDI.dll V1.29.10.0
Dialog DLL:      TCM.DLL V1.35.1.0
 
<h2>Project:</h2>
C:\Users\59682\Desktop\stm32\2.œ‘ æJPGÕº∆¨£®Õº∆¨∑≈SDø®£©\Project\RVMDK£®uv5£©\BH-F103.uvprojx
Project File Date:  04/11/2018

<h2>Output:</h2>
*** Using Compiler 'V5.06 update 6 (build 750)', folder: 'D:\stm32\keil5\ARM\ARMCC\Bin'
Rebuild target 'LCD'
assembling startup_stm32f10x_hd.s...
compiling system_stm32f10x.c...
compiling misc.c...
compiling core_cm3.c...
compiling stm32f10x_adc.c...
compiling stm32f10x_bkp.c...
compiling stm32f10x_can.c...
compiling stm32f10x_crc.c...
compiling stm32f10x_cec.c...
compiling stm32f10x_dac.c...
compiling stm32f10x_dma.c...
compiling stm32f10x_dbgmcu.c...
compiling stm32f10x_exti.c...
compiling stm32f10x_flash.c...
compiling stm32f10x_fsmc.c...
compiling stm32f10x_gpio.c...
compiling stm32f10x_iwdg.c...
compiling stm32f10x_i2c.c...
compiling stm32f10x_pwr.c...
compiling stm32f10x_rtc.c...
compiling stm32f10x_rcc.c...
compiling stm32f10x_sdio.c...
compiling stm32f10x_spi.c...
compiling stm32f10x_tim.c...
compiling stm32f10x_usart.c...
compiling stm32f10x_wwdg.c...
compiling stm32f10x_it.c...
compiling main.c...
compiling fonts.c...
compiling bsp_ili9341_lcd.c...
compiling bsp_usart.c...
compiling bsp_led.c...
compiling bsp_sdio_sdcard.c...
compiling diskio.c...
compiling syscall.c...
compiling ccsbcs.c...
compiling ff.c...
compiling tjpgd.c...
..\..\User\tjpgd\src\tjpgd.c(505): warning:  #188-D: enumerated type mixed with another type
  		if (b < 0) return 0 - b;				/* Err: invalid code or input */
..\..\User\tjpgd\src\tjpgd.c(509): warning:  #188-D: enumerated type mixed with another type
  			if (e < 0) return 0 - e;			/* Err: input */
..\..\User\tjpgd\src\tjpgd.c(527): warning:  #188-D: enumerated type mixed with another type
  			if (b < 0) return 0 - b;			/* Err: invalid code or input error */
..\..\User\tjpgd\src\tjpgd.c(535): warning:  #188-D: enumerated type mixed with another type
  				if (d < 0) return 0 - d;		/* Err: input device */
..\..\User\tjpgd\src\tjpgd.c(848): warning:  #188-D: enumerated type mixed with another type
  			rc = create_huffman_tbl(jd, seg, len);
..\..\User\tjpgd\src\tjpgd.c(858): warning:  #188-D: enumerated type mixed with another type
  			rc = create_qt_tbl(jd, seg, len);
..\..\User\tjpgd\src\tjpgd.c: 6 warnings, 0 errors
compiling jpgPort.c...
..\..\User\tjpgd\src\jpgPort.c(44): warning:  #940-D: missing return statement at end of non-void function "in_func" 
  }
..\..\User\tjpgd\src\jpgPort.c: 1 warning, 0 errors
linking...
Program Size: Code=21768 RO-data=19172 RW-data=108 ZI-data=20724  
FromELF: creating hex file...
"..\..\Output\Template.axf" - 0 Error(s), 7 Warning(s).

<h2>Software Packages used:</h2>

Package Vendor: Keil
                http://www.keil.com/pack/Keil.STM32F1xx_DFP.1.1.0.pack
                Keil.STM32F1xx_DFP.1.1.0
                STMicroelectronics STM32F1 Series Device Support, Drivers and Examples

<h2>Collection of Component include folders:</h2>
  .\RTE\_LCD
  D:\stm32\keil5\ARM\PACK\Keil\STM32F1xx_DFP\1.1.0\Device\Include

<h2>Collection of Component Files used:</h2>
Build Time Elapsed:  00:00:16
</pre>
</body>
</html>
